...................................                                      [100%]
=============================== warnings summary ===============================
tests/webhooks/test_webhook_isolation.py: 65 warnings
  /home/user/voxdesk-call-ainul-islam/voxdesk-call/app/db/models.py:2938: DeprecationWarning: datetime.datetime.utcnow() is deprecated and scheduled for removal in a future version. Use timezone-aware objects to represent datetimes in UTC: datetime.datetime.now(datetime.UTC).
    now = datetime.utcnow()

tests/webhooks/test_webhook_isolation.py: 250 warnings
  /home/user/voxdesk-call-ainul-islam/voxdesk-call/.venv/lib/python3.12/site-packages/sqlalchemy/sql/schema.py:3596: DeprecationWarning: datetime.datetime.utcnow() is deprecated and scheduled for removal in a future version. Use timezone-aware objects to represent datetimes in UTC: datetime.datetime.now(datetime.UTC).
    return util.wrap_callable(lambda ctx: fn(), fn)  # type: ignore

tests/webhooks/test_webhook_isolation.py: 65 warnings
  /home/user/voxdesk-call-ainul-islam/voxdesk-call/app/db/models.py:2968: DeprecationWarning: datetime.datetime.utcnow() is deprecated and scheduled for removal in a future version. Use timezone-aware objects to represent datetimes in UTC: datetime.datetime.now(datetime.UTC).
    now = datetime.utcnow()

tests/webhooks/test_webhook_isolation.py::test_http_crud_idempotency_rotation_and_audit
tests/webhooks/test_webhook_isolation.py::test_http_crud_idempotency_rotation_and_audit
tests/webhooks/test_webhook_isolation.py::test_http_crud_idempotency_rotation_and_audit
tests/webhooks/test_webhook_isolation.py::test_http_crud_idempotency_rotation_and_audit
tests/webhooks/test_webhook_isolation.py::test_http_crud_idempotency_rotation_and_audit
tests/webhooks/test_webhook_isolation.py::test_http_crud_idempotency_rotation_and_audit
  /home/user/voxdesk-call-ainul-islam/voxdesk-call/.venv/lib/python3.12/site-packages/pydantic/_internal/_config.py:295: PydanticDeprecatedSince20: Support for class-based `config` is deprecated, use ConfigDict instead. Deprecated in Pydantic V2.0 to be removed in V3.0. See Pydantic V2 Migration Guide at https://errors.pydantic.dev/2.10/migration/
    warnings.warn(DEPRECATION_MESSAGE, DeprecationWarning)

tests/webhooks/test_webhook_isolation.py: 27 warnings
  /home/user/voxdesk-call-ainul-islam/voxdesk-call/app/db/models.py:3023: DeprecationWarning: datetime.datetime.utcnow() is deprecated and scheduled for removal in a future version. Use timezone-aware objects to represent datetimes in UTC: datetime.datetime.now(datetime.UTC).
    now = datetime.utcnow()

-- Docs: https://docs.pytest.org/en/stable/how-to/capture-warnings.html
- generated xml file: /home/user/voxdesk-call-ainul-islam/voxdesk-call/reports/part1/final-1a/api-isolation.xml -
35 passed, 413 warnings in 29.27s
