Traceback (most recent call last):
  File "/home/user/voxdesk-call-ainul-islam/voxdesk-call/reports/part1/final-1a/verify_migration.py", line 82, in <module>
    asyncio.run(main())
  File "/home/user/voxdesk-call-ainul-islam/voxdesk-call/.cache/python/cpython-3.12.15-linux-x86_64-gnu/lib/python3.12/asyncio/runners.py", line 195, in run
    return runner.run(main)
           ^^^^^^^^^^^^^^^^
  File "/home/user/voxdesk-call-ainul-islam/voxdesk-call/.cache/python/cpython-3.12.15-linux-x86_64-gnu/lib/python3.12/asyncio/runners.py", line 118, in run
    return self._loop.run_until_complete(task)
           ^^^^^^^^^^^^^^^^^^^^^^^^^^^^^^^^^^^
  File "/home/user/voxdesk-call-ainul-islam/voxdesk-call/.cache/python/cpython-3.12.15-linux-x86_64-gnu/lib/python3.12/asyncio/base_events.py", line 691, in run_until_complete
    return future.result()
           ^^^^^^^^^^^^^^^
  File "/home/user/voxdesk-call-ainul-islam/voxdesk-call/reports/part1/final-1a/verify_migration.py", line 35, in main
    await connection.execute("INSERT INTO tenants(id,name,twilio_number) VALUES($1,$2,$3)",
  File "/home/user/voxdesk-call-ainul-islam/voxdesk-call/.venv/lib/python3.12/site-packages/asyncpg/connection.py", line 352, in execute
    _, status, _ = await self._execute(
                   ^^^^^^^^^^^^^^^^^^^^
  File "/home/user/voxdesk-call-ainul-islam/voxdesk-call/.venv/lib/python3.12/site-packages/asyncpg/connection.py", line 1864, in _execute
    result, _ = await self.__execute(
                ^^^^^^^^^^^^^^^^^^^^^
  File "/home/user/voxdesk-call-ainul-islam/voxdesk-call/.venv/lib/python3.12/site-packages/asyncpg/connection.py", line 1961, in __execute
    result, stmt = await self._do_execute(
                   ^^^^^^^^^^^^^^^^^^^^^^^
  File "/home/user/voxdesk-call-ainul-islam/voxdesk-call/.venv/lib/python3.12/site-packages/asyncpg/connection.py", line 2024, in _do_execute
    result = await executor(stmt, None)
             ^^^^^^^^^^^^^^^^^^^^^^^^^^
  File "asyncpg/protocol/protocol.pyx", line 206, in bind_execute
asyncpg.exceptions.NotNullViolationError: null value in column "organization_id" of relation "tenants" violates not-null constraint
DETAIL:  Failing row contains (87dcf91a-2157-4e38-ad9b-3459ce42b35f, Migration fixture, general, +15554098575, Alex, null, , {}, natural, null, null, 0.65, t, 0.45, 1, null, en-US, America/New_York, null, null, 30, null, null, null, null, webhook, null, f, null, null, null, 3, 24, f, f, {}, t, f, null, null, null, not_started, f, null, starter, 500, 0, t, 2026-10-07 04:14:41.224425+00, null, null, null, f, null, active).
