INFO  [alembic.runtime.migration] Context impl PostgresqlImpl.
INFO  [alembic.runtime.migration] Will assume transactional DDL.
INFO  [alembic.runtime.migration] Running upgrade 0049_runtime_schema_alignment -> 0050_unify_webhooks, Unify webhook storage; preserve legacy records in sealed quarantine.
Traceback (most recent call last):
  File "/home/user/voxdesk-call-ainul-islam/voxdesk-call/.venv/bin/alembic", line 10, in <module>
    sys.exit(main())
             ^^^^^^
  File "/home/user/voxdesk-call-ainul-islam/voxdesk-call/.venv/lib/python3.12/site-packages/alembic/config.py", line 636, in main
    CommandLine(prog=prog).main(argv=argv)
  File "/home/user/voxdesk-call-ainul-islam/voxdesk-call/.venv/lib/python3.12/site-packages/alembic/config.py", line 626, in main
    self.run_cmd(cfg, options)
  File "/home/user/voxdesk-call-ainul-islam/voxdesk-call/.venv/lib/python3.12/site-packages/alembic/config.py", line 603, in run_cmd
    fn(
  File "/home/user/voxdesk-call-ainul-islam/voxdesk-call/.venv/lib/python3.12/site-packages/alembic/command.py", line 406, in upgrade
    script.run_env()
  File "/home/user/voxdesk-call-ainul-islam/voxdesk-call/.venv/lib/python3.12/site-packages/alembic/script/base.py", line 586, in run_env
    util.load_python_file(self.dir, "env.py")
  File "/home/user/voxdesk-call-ainul-islam/voxdesk-call/.venv/lib/python3.12/site-packages/alembic/util/pyfiles.py", line 95, in load_python_file
    module = load_module_py(module_id, path)
             ^^^^^^^^^^^^^^^^^^^^^^^^^^^^^^^
  File "/home/user/voxdesk-call-ainul-islam/voxdesk-call/.venv/lib/python3.12/site-packages/alembic/util/pyfiles.py", line 113, in load_module_py
    spec.loader.exec_module(module)  # type: ignore
    ^^^^^^^^^^^^^^^^^^^^^^^^^^^^^^^
  File "<frozen importlib._bootstrap_external>", line 999, in exec_module
  File "<frozen importlib._bootstrap>", line 488, in _call_with_frames_removed
  File "/home/user/voxdesk-call-ainul-islam/voxdesk-call/alembic/env.py", line 68, in <module>
    run_migrations_online()
  File "/home/user/voxdesk-call-ainul-islam/voxdesk-call/alembic/env.py", line 62, in run_migrations_online
    asyncio.run(run_async_migrations())
  File "/home/user/voxdesk-call-ainul-islam/voxdesk-call/.cache/python/cpython-3.12.15-linux-x86_64-gnu/lib/python3.12/asyncio/runners.py", line 195, in run
    return runner.run(main)
           ^^^^^^^^^^^^^^^^
  File "/home/user/voxdesk-call-ainul-islam/voxdesk-call/.cache/python/cpython-3.12.15-linux-x86_64-gnu/lib/python3.12/asyncio/runners.py", line 118, in run
    return self._loop.run_until_complete(task)
           ^^^^^^^^^^^^^^^^^^^^^^^^^^^^^^^^^^^
  File "/home/user/voxdesk-call-ainul-islam/voxdesk-call/.cache/python/cpython-3.12.15-linux-x86_64-gnu/lib/python3.12/asyncio/base_events.py", line 691, in run_until_complete
    return future.result()
           ^^^^^^^^^^^^^^^
  File "/home/user/voxdesk-call-ainul-islam/voxdesk-call/alembic/env.py", line 57, in run_async_migrations
    await connection.run_sync(do_run_migrations)
  File "/home/user/voxdesk-call-ainul-islam/voxdesk-call/.venv/lib/python3.12/site-packages/sqlalchemy/ext/asyncio/engine.py", line 886, in run_sync
    return await greenlet_spawn(
           ^^^^^^^^^^^^^^^^^^^^^
  File "/home/user/voxdesk-call-ainul-islam/voxdesk-call/.venv/lib/python3.12/site-packages/sqlalchemy/util/_concurrency_py3k.py", line 203, in greenlet_spawn
    result = context.switch(value)
             ^^^^^^^^^^^^^^^^^^^^^
  File "/home/user/voxdesk-call-ainul-islam/voxdesk-call/alembic/env.py", line 47, in do_run_migrations
    context.run_migrations()
  File "<string>", line 8, in run_migrations
  File "/home/user/voxdesk-call-ainul-islam/voxdesk-call/.venv/lib/python3.12/site-packages/alembic/runtime/environment.py", line 946, in run_migrations
    self.get_context().run_migrations(**kw)
  File "/home/user/voxdesk-call-ainul-islam/voxdesk-call/.venv/lib/python3.12/site-packages/alembic/runtime/migration.py", line 623, in run_migrations
    step.migration_fn(**kw)
  File "/home/user/voxdesk-call-ainul-islam/voxdesk-call/alembic/versions/0050_unify_webhooks.py", line 93, in upgrade
    secret_envelope=seal(row["tenant_id"], row["secret"]) if row["secret"] else "",
                    ^^^^^^^^^^^^^^^^^^^^^^^^^^^^^^^^^^^^^
  File "/home/user/voxdesk-call-ainul-islam/voxdesk-call/alembic/versions/0050_unify_webhooks.py", line 68, in seal
    return encrypt_text(value, tenant_id=str(tenant), purpose="outbound_webhook")[0]
           ^^^^^^^^^^^^^^^^^^^^^^^^^^^^^^^^^^^^^^^^^^^^^^^^^^^^^^^^^^^^^^^^^^^^^^
  File "/home/user/voxdesk-call-ainul-islam/voxdesk-call/app/auth/identity/secrets.py", line 95, in encrypt_text
    key_ring=key_ring(),
             ^^^^^^^^^^
  File "/home/user/voxdesk-call-ainul-islam/voxdesk-call/app/auth/identity/secrets.py", line 63, in key_ring
    raise IdentitySecretsUnavailable(
app.auth.identity.exceptions.IdentitySecretsUnavailable: no identity encryption key ring is configured (set IDENTITY_ENCRYPTION_KEYS or CRM_ENCRYPTION_KEYS)
