..................F..................................................... [ 28%]
........................................................................ [ 57%]
........................................................................ [ 86%]
...................................                                      [100%]
=================================== FAILURES ===================================
_______ test_subscription_fanout_is_tenant_environment_and_filter_scoped _______

db = <sqlalchemy.ext.asyncio.session.AsyncSession object at 0x7fdd9bf0fec0>
tenant_a = <app.db.models.Tenant object at 0x7fdd9bf5ff80>
tenant_b = <app.db.models.Tenant object at 0x7fdd9bf5ef30>

    @pytest.mark.asyncio
    async def test_subscription_fanout_is_tenant_environment_and_filter_scoped(db, tenant_a, tenant_b):
        from app.db.models import Environment
        from app.outbox.dispatcher import matching_subscriptions
        from app.webhooks.repository import create_subscription
    
        call = await make_call(db, tenant_a)
        event, _ = await publish_call_event(db, call, "call_ended")
        staging = Environment(tenant_id=tenant_a.id, name="Staging", slug="staging",
                              kind="staging", status="active", is_default=False)
        db.add(staging)
        await db.flush()
        expected = []
        for tenant, environment, events, enabled, matches in [
            (tenant_a, None, [], True, True),
            (tenant_a, call.environment_id, ["call_ended"], True, True),
            (tenant_a, staging.id, ["call_ended"], True, False),
            (tenant_a, None, ["call_started"], True, False),
            (tenant_a, None, [], False, False),
            (tenant_b, None, [], True, False),
        ]:
            subscription = await create_subscription(
                db, tenant_id=tenant.id, environment_id=environment,
                endpoint="https://receiver.example.com/hooks", secret="test-only-signing-secret",
                event_types=events,
            )
            subscription.enabled = enabled
            if matches:
                expected.append(subscription.id)
        await db.flush()
>       assert {s.id for s in await matching_subscriptions(db, event)} == set(expected)
E       AssertionError: assert set() == {UUID('7e1fab...822f0db21e2')}
E         
E         Extra items in the right set:
E         UUID('7e1fabbd-7516-4e38-98a9-40ea2efaed09')
E         UUID('fda645f7-f20a-4523-a6c9-4822f0db21e2')
E         Use -v to get more diff

tests/webhooks/test_call_event_bridge.py:123: AssertionError
=============================== warnings summary ===============================
tests/webhooks/test_call_event_bridge.py: 30 warnings
tests/webhooks/test_webhook_isolation.py: 16 warnings
tests/webhooks/test_webhook_lifecycle_real.py: 2 warnings
tests/outbox/test_delivery.py: 1 warning
tests/outbox/test_isolation.py: 2 warnings
tests/operations/test_notification_webhook_email.py: 8 warnings
tests/test_external_success_honesty.py: 22 warnings
tests/test_call_callbacks.py: 16 warnings
tests/test_transfer.py: 28 warnings
tests/telephony/test_callback_reconciliation.py: 6 warnings
tests/telephony/test_lead_lifecycle_callbacks.py: 8 warnings
tests/telephony/test_number_provisioning.py: 8 warnings
tests/telephony/test_outbound_environment_scope.py: 10 warnings
tests/telephony/test_provider_contract.py: 1 warning
tests/telephony/test_qos.py: 2 warnings
tests/telephony/test_recording.py: 8 warnings
tests/campaign/test_concurrency.py: 7 warnings
  /home/user/voxdesk-call-ainul-islam/voxdesk-call/app/db/models.py:2938: DeprecationWarning: datetime.datetime.utcnow() is deprecated and scheduled for removal in a future version. Use timezone-aware objects to represent datetimes in UTC: datetime.datetime.now(datetime.UTC).
    now = datetime.utcnow()

tests/webhooks/test_call_event_bridge.py: 87 warnings
tests/webhooks/test_webhook_isolation.py: 34 warnings
tests/webhooks/test_webhook_lifecycle_real.py: 20 warnings
tests/outbox/test_delivery.py: 5 warnings
tests/outbox/test_isolation.py: 6 warnings
tests/operations/test_notification_webhook_email.py: 27 warnings
tests/test_external_success_honesty.py: 91 warnings
tests/test_call_callbacks.py: 104 warnings
tests/test_transfer.py: 130 warnings
tests/telephony/test_callback_reconciliation.py: 20 warnings
tests/telephony/test_lead_lifecycle_callbacks.py: 60 warnings
tests/telephony/test_number_provisioning.py: 41 warnings
tests/telephony/test_outbound_environment_scope.py: 48 warnings
tests/telephony/test_provider_contract.py: 1 warning
tests/telephony/test_qos.py: 2 warnings
tests/telephony/test_recording.py: 12 warnings
tests/campaign/test_concurrency.py: 45 warnings
  /home/user/voxdesk-call-ainul-islam/voxdesk-call/.venv/lib/python3.12/site-packages/sqlalchemy/sql/schema.py:3596: DeprecationWarning: datetime.datetime.utcnow() is deprecated and scheduled for removal in a future version. Use timezone-aware objects to represent datetimes in UTC: datetime.datetime.now(datetime.UTC).
    return util.wrap_callable(lambda ctx: fn(), fn)  # type: ignore

tests/webhooks/test_call_event_bridge.py: 30 warnings
tests/webhooks/test_webhook_isolation.py: 16 warnings
tests/webhooks/test_webhook_lifecycle_real.py: 2 warnings
tests/outbox/test_delivery.py: 1 warning
tests/outbox/test_isolation.py: 2 warnings
tests/operations/test_notification_webhook_email.py: 8 warnings
tests/test_external_success_honesty.py: 22 warnings
tests/test_call_callbacks.py: 16 warnings
tests/test_transfer.py: 28 warnings
tests/telephony/test_callback_reconciliation.py: 6 warnings
tests/telephony/test_lead_lifecycle_callbacks.py: 8 warnings
tests/telephony/test_number_provisioning.py: 8 warnings
tests/telephony/test_outbound_environment_scope.py: 10 warnings
tests/telephony/test_provider_contract.py: 1 warning
tests/telephony/test_qos.py: 2 warnings
tests/telephony/test_recording.py: 8 warnings
tests/campaign/test_concurrency.py: 7 warnings
  /home/user/voxdesk-call-ainul-islam/voxdesk-call/app/db/models.py:2968: DeprecationWarning: datetime.datetime.utcnow() is deprecated and scheduled for removal in a future version. Use timezone-aware objects to represent datetimes in UTC: datetime.datetime.now(datetime.UTC).
    now = datetime.utcnow()

tests/webhooks/test_call_event_bridge.py: 27 warnings
tests/webhooks/test_webhook_lifecycle_real.py: 2 warnings
tests/operations/test_notification_webhook_email.py: 1 warning
tests/telephony/test_callback_reconciliation.py: 5 warnings
tests/telephony/test_lead_lifecycle_callbacks.py: 8 warnings
tests/telephony/test_qos.py: 2 warnings
tests/telephony/test_recording.py: 6 warnings
  /home/user/voxdesk-call-ainul-islam/voxdesk-call/tests/conftest.py:569: DeprecationWarning: datetime.datetime.utcnow() is deprecated and scheduled for removal in a future version. Use timezone-aware objects to represent datetimes in UTC: datetime.datetime.now(datetime.UTC).
    "started_at": datetime.utcnow(),

tests/webhooks/test_call_event_bridge.py: 4 warnings
tests/webhooks/test_webhook_lifecycle_real.py: 1 warning
tests/test_call_state.py: 13 warnings
tests/test_call_callbacks.py: 11 warnings
tests/telephony/test_callback_reconciliation.py: 2 warnings
tests/telephony/test_lead_lifecycle_callbacks.py: 8 warnings
  /home/user/voxdesk-call-ainul-islam/voxdesk-call/app/telephony/call_state.py:261: DeprecationWarning: datetime.datetime.utcnow() is deprecated and scheduled for removal in a future version. Use timezone-aware objects to represent datetimes in UTC: datetime.datetime.now(datetime.UTC).
    call.ended_at = ended_at or datetime.utcnow()

tests/webhooks/test_call_event_bridge.py::test_real_status_route_is_replay_safe
tests/webhooks/test_call_event_bridge.py::test_real_status_route_is_replay_safe
tests/webhooks/test_call_event_bridge.py::test_real_status_route_is_replay_safe
tests/webhooks/test_call_event_bridge.py::test_real_status_route_is_replay_safe
tests/webhooks/test_call_event_bridge.py::test_real_status_route_is_replay_safe
tests/webhooks/test_call_event_bridge.py::test_real_status_route_is_replay_safe
  /home/user/voxdesk-call-ainul-islam/voxdesk-call/.venv/lib/python3.12/site-packages/pydantic/_internal/_config.py:295: PydanticDeprecatedSince20: Support for class-based `config` is deprecated, use ConfigDict instead. Deprecated in Pydantic V2.0 to be removed in V3.0. See Pydantic V2 Migration Guide at https://errors.pydantic.dev/2.10/migration/
    warnings.warn(DEPRECATION_MESSAGE, DeprecationWarning)

tests/webhooks/test_call_event_bridge.py: 1 warning
tests/test_call_callbacks.py: 4 warnings
tests/test_transfer.py: 7 warnings
  /home/user/voxdesk-call-ainul-islam/voxdesk-call/app/telephony/transfer_service.py:472: DeprecationWarning: datetime.datetime.utcnow() is deprecated and scheduled for removal in a future version. Use timezone-aware objects to represent datetimes in UTC: datetime.datetime.now(datetime.UTC).
    call.transfer_failed_at = datetime.utcnow()

tests/operations/test_notification_webhook_email.py: 1 warning
tests/test_external_success_honesty.py: 16 warnings
tests/telephony/test_callback_reconciliation.py: 2 warnings
tests/telephony/test_number_provisioning.py: 3 warnings
tests/telephony/test_recording.py: 2 warnings
  /home/user/voxdesk-call-ainul-islam/voxdesk-call/app/db/models.py:3023: DeprecationWarning: datetime.datetime.utcnow() is deprecated and scheduled for removal in a future version. Use timezone-aware objects to represent datetimes in UTC: datetime.datetime.now(datetime.UTC).
    now = datetime.utcnow()

tests/test_call_state.py: 27 warnings
  /home/user/voxdesk-call-ainul-islam/voxdesk-call/tests/test_call_state.py:27: DeprecationWarning: datetime.datetime.utcnow() is deprecated and scheduled for removal in a future version. Use timezone-aware objects to represent datetimes in UTC: datetime.datetime.now(datetime.UTC).
    started_at=datetime.utcnow(),

tests/test_call_state.py::test_ended_at_can_be_supplied_explicitly
  /home/user/voxdesk-call-ainul-islam/voxdesk-call/tests/test_call_state.py:132: DeprecationWarning: datetime.datetime.utcnow() is deprecated and scheduled for removal in a future version. Use timezone-aware objects to represent datetimes in UTC: datetime.datetime.now(datetime.UTC).
    when = datetime.utcnow() - timedelta(minutes=5)

tests/test_call_callbacks.py: 16 warnings
tests/test_transfer.py: 26 warnings
  /home/user/voxdesk-call-ainul-islam/voxdesk-call/tests/test_transfer.py:43: DeprecationWarning: datetime.datetime.utcnow() is deprecated and scheduled for removal in a future version. Use timezone-aware objects to represent datetimes in UTC: datetime.datetime.now(datetime.UTC).
    started_at=datetime.utcnow(),

tests/test_call_callbacks.py: 6 warnings
tests/test_transfer.py: 19 warnings
  /home/user/voxdesk-call-ainul-islam/voxdesk-call/app/telephony/transfer_service.py:288: DeprecationWarning: datetime.datetime.utcnow() is deprecated and scheduled for removal in a future version. Use timezone-aware objects to represent datetimes in UTC: datetime.datetime.now(datetime.UTC).
    now = datetime.utcnow()

tests/test_call_callbacks.py: 6 warnings
tests/test_transfer.py: 15 warnings
  /home/user/voxdesk-call-ainul-islam/voxdesk-call/app/telephony/transfer_service.py:340: DeprecationWarning: datetime.datetime.utcnow() is deprecated and scheduled for removal in a future version. Use timezone-aware objects to represent datetimes in UTC: datetime.datetime.now(datetime.UTC).
    call.transfer_started_at = datetime.utcnow()

tests/test_call_callbacks.py::test_case_a_transfer_then_stream_close_then_completed_then_dial_callback
tests/test_call_callbacks.py::test_case_b_dial_callback_then_completed
tests/test_call_callbacks.py::test_case_d_duplicate_completed_callbacks
tests/test_transfer.py::test_already_connected_call_reports_completed_not_a_new_transfer
tests/test_transfer.py::test_connected_callback_records_the_connection
tests/test_transfer.py::test_duplicate_connected_callback_changes_nothing
tests/test_transfer.py::test_failure_callback_after_connection_is_ignored
tests/test_transfer.py::test_transfer_writes_system_transcript_events
tests/test_transfer.py::test_duplicate_provider_events_do_not_duplicate_system_turns
  /home/user/voxdesk-call-ainul-islam/voxdesk-call/app/telephony/transfer_service.py:409: DeprecationWarning: datetime.datetime.utcnow() is deprecated and scheduled for removal in a future version. Use timezone-aware objects to represent datetimes in UTC: datetime.datetime.now(datetime.UTC).
    call.transfer_completed_at = datetime.utcnow()

tests/test_call_callbacks.py::test_duplicate_callbacks_do_not_regrade_a_lead
  /home/user/voxdesk-call-ainul-islam/voxdesk-call/tests/test_call_callbacks.py:312: DeprecationWarning: datetime.datetime.utcnow() is deprecated and scheduled for removal in a future version. Use timezone-aware objects to represent datetimes in UTC: datetime.datetime.now(datetime.UTC).
    started_at=datetime.utcnow(), lead_id=lead.id, lead_score=80,

tests/test_call_callbacks.py: 1 warning
tests/telephony/test_lead_lifecycle_callbacks.py: 12 warnings
tests/telephony/test_outbound_environment_scope.py: 10 warnings
tests/campaign/test_concurrency.py: 5 warnings
  /home/user/voxdesk-call-ainul-islam/voxdesk-call/app/leads/models.py:25: DeprecationWarning: datetime.datetime.utcnow() is deprecated and scheduled for removal in a future version. Use timezone-aware objects to represent datetimes in UTC: datetime.datetime.now(datetime.UTC).
    return datetime.utcnow()

tests/telephony/test_outbound_environment_scope.py::test_selection_is_restricted_to_the_campaign_environment
tests/telephony/test_outbound_environment_scope.py::test_staging_campaign_selects_only_staging_leads
tests/telephony/test_outbound_environment_scope.py::test_dnc_and_attempt_cap_still_exclude_leads
tests/telephony/test_outbound_environment_scope.py::test_parallel_ticks_claim_each_lead_once
tests/telephony/test_outbound_environment_scope.py::test_parallel_ticks_claim_each_lead_once
  /home/user/voxdesk-call-ainul-islam/voxdesk-call/app/telephony/outbound.py:90: DeprecationWarning: datetime.datetime.utcnow() is deprecated and scheduled for removal in a future version. Use timezone-aware objects to represent datetimes in UTC: datetime.datetime.now(datetime.UTC).
    now = datetime.utcnow()

tests/telephony/test_outbound_environment_scope.py::test_same_environment_pair_dials
tests/telephony/test_outbound_environment_scope.py::test_parallel_ticks_claim_each_lead_once
tests/telephony/test_outbound_environment_scope.py::test_parallel_ticks_claim_each_lead_once
tests/telephony/test_outbound_environment_scope.py::test_parallel_ticks_claim_each_lead_once
tests/telephony/test_outbound_environment_scope.py::test_parallel_ticks_claim_each_lead_once
tests/telephony/test_outbound_environment_scope.py::test_parallel_ticks_claim_each_lead_once
tests/telephony/test_outbound_environment_scope.py::test_parallel_ticks_claim_each_lead_once
tests/campaign/test_concurrency.py::test_concurrent_dial_claims_the_lead_exactly_once
tests/campaign/test_concurrency.py::test_concurrent_dial_claims_the_lead_exactly_once
  /home/user/voxdesk-call-ainul-islam/voxdesk-call/app/telephony/outbound.py:251: DeprecationWarning: datetime.datetime.utcnow() is deprecated and scheduled for removal in a future version. Use timezone-aware objects to represent datetimes in UTC: datetime.datetime.now(datetime.UTC).
    now = datetime.utcnow()

tests/telephony/test_qos.py::test_valid_metrics_and_missing_metric
  tests/telephony/test_qos.py:15: PytestWarning: The test <Function test_valid_metrics_and_missing_metric> is marked with '@pytest.mark.asyncio' but it is not an async function. Please remove the asyncio mark. If the test is not marked explicitly, check for global marks applied via 'pytestmark'.
    def test_valid_metrics_and_missing_metric():

tests/telephony/test_qos.py::test_negative_and_unit_and_mos_are_rejected
  tests/telephony/test_qos.py:32: PytestWarning: The test <Function test_negative_and_unit_and_mos_are_rejected> is marked with '@pytest.mark.asyncio' but it is not an async function. Please remove the asyncio mark. If the test is not marked explicitly, check for global marks applied via 'pytestmark'.
    def test_negative_and_unit_and_mos_are_rejected():

tests/telephony/test_recording.py::test_retention_deletes_recording_unless_held
  /home/user/voxdesk-call-ainul-islam/voxdesk-call/tests/telephony/test_recording.py:148: DeprecationWarning: datetime.datetime.utcnow() is deprecated and scheduled for removal in a future version. Use timezone-aware objects to represent datetimes in UTC: datetime.datetime.now(datetime.UTC).
    call.started_at = datetime.utcnow() - timedelta(days=400)

tests/telephony/test_recording.py::test_retention_deletes_recording_unless_held
  /home/user/voxdesk-call-ainul-islam/voxdesk-call/tests/telephony/test_recording.py:160: DeprecationWarning: datetime.datetime.utcnow() is deprecated and scheduled for removal in a future version. Use timezone-aware objects to represent datetimes in UTC: datetime.datetime.now(datetime.UTC).
    call2.started_at = datetime.utcnow() - timedelta(days=400)

-- Docs: https://docs.pytest.org/en/stable/how-to/capture-warnings.html
- generated xml file: /home/user/voxdesk-call-ainul-islam/voxdesk-call/reports/part1/final-1a/regression-initial.xml -
=========================== short test summary info ============================
FAILED tests/webhooks/test_call_event_bridge.py::test_subscription_fanout_is_tenant_environment_and_filter_scoped
1 failed, 250 passed, 1387 warnings in 101.39s (0:01:41)
