........................................................................ [ 71%]
......................s......                                            [100%]
=============================== warnings summary ===============================
tests/webhooks/test_call_event_bridge.py: 32 warnings
tests/webhooks/test_webhook_isolation.py: 65 warnings
tests/webhooks/test_webhook_lifecycle_real.py: 3 warnings
tests/outbox/test_delivery.py: 1 warning
tests/outbox/test_isolation.py: 2 warnings
  /home/user/voxdesk-call-ainul-islam/voxdesk-call/app/db/models.py:2938: DeprecationWarning: datetime.datetime.utcnow() is deprecated and scheduled for removal in a future version. Use timezone-aware objects to represent datetimes in UTC: datetime.datetime.now(datetime.UTC).
    now = datetime.utcnow()

tests/webhooks/test_call_event_bridge.py: 93 warnings
tests/webhooks/test_webhook_isolation.py: 250 warnings
tests/webhooks/test_webhook_lifecycle_real.py: 43 warnings
tests/outbox/test_delivery.py: 5 warnings
tests/outbox/test_isolation.py: 6 warnings
  /home/user/voxdesk-call-ainul-islam/voxdesk-call/.venv/lib/python3.12/site-packages/sqlalchemy/sql/schema.py:3596: DeprecationWarning: datetime.datetime.utcnow() is deprecated and scheduled for removal in a future version. Use timezone-aware objects to represent datetimes in UTC: datetime.datetime.now(datetime.UTC).
    return util.wrap_callable(lambda ctx: fn(), fn)  # type: ignore

tests/webhooks/test_call_event_bridge.py: 32 warnings
tests/webhooks/test_webhook_isolation.py: 65 warnings
tests/webhooks/test_webhook_lifecycle_real.py: 3 warnings
tests/outbox/test_delivery.py: 1 warning
tests/outbox/test_isolation.py: 2 warnings
  /home/user/voxdesk-call-ainul-islam/voxdesk-call/app/db/models.py:2968: DeprecationWarning: datetime.datetime.utcnow() is deprecated and scheduled for removal in a future version. Use timezone-aware objects to represent datetimes in UTC: datetime.datetime.now(datetime.UTC).
    now = datetime.utcnow()

tests/webhooks/test_call_event_bridge.py: 29 warnings
tests/webhooks/test_webhook_lifecycle_real.py: 2 warnings
  /home/user/voxdesk-call-ainul-islam/voxdesk-call/tests/conftest.py:569: DeprecationWarning: datetime.datetime.utcnow() is deprecated and scheduled for removal in a future version. Use timezone-aware objects to represent datetimes in UTC: datetime.datetime.now(datetime.UTC).
    "started_at": datetime.utcnow(),

tests/webhooks/test_call_event_bridge.py::test_transition_and_replay_publish_one_fact
tests/webhooks/test_call_event_bridge.py::test_rollback_removes_event_and_state
tests/webhooks/test_call_event_bridge.py::test_real_status_route_is_replay_safe
tests/webhooks/test_call_event_bridge.py::test_callback_publication_failure_rolls_back_state
tests/webhooks/test_call_event_bridge.py::test_reconciliation_uses_the_same_customer_outbox
tests/webhooks/test_webhook_lifecycle_real.py::test_callback_delivers_signed_bytes_to_local_receiver
  /home/user/voxdesk-call-ainul-islam/voxdesk-call/app/telephony/call_state.py:261: DeprecationWarning: datetime.datetime.utcnow() is deprecated and scheduled for removal in a future version. Use timezone-aware objects to represent datetimes in UTC: datetime.datetime.now(datetime.UTC).
    call.ended_at = ended_at or datetime.utcnow()

tests/webhooks/test_call_event_bridge.py::test_real_status_route_is_replay_safe
tests/webhooks/test_call_event_bridge.py::test_real_status_route_is_replay_safe
tests/webhooks/test_call_event_bridge.py::test_real_status_route_is_replay_safe
tests/webhooks/test_call_event_bridge.py::test_real_status_route_is_replay_safe
tests/webhooks/test_call_event_bridge.py::test_real_status_route_is_replay_safe
tests/webhooks/test_call_event_bridge.py::test_real_status_route_is_replay_safe
  /home/user/voxdesk-call-ainul-islam/voxdesk-call/.venv/lib/python3.12/site-packages/pydantic/_internal/_config.py:295: PydanticDeprecatedSince20: Support for class-based `config` is deprecated, use ConfigDict instead. Deprecated in Pydantic V2.0 to be removed in V3.0. See Pydantic V2 Migration Guide at https://errors.pydantic.dev/2.10/migration/
    warnings.warn(DEPRECATION_MESSAGE, DeprecationWarning)

tests/webhooks/test_call_event_bridge.py::test_transfer_ringing_then_provider_failure_then_late_answer
  /home/user/voxdesk-call-ainul-islam/voxdesk-call/app/telephony/transfer_service.py:472: DeprecationWarning: datetime.datetime.utcnow() is deprecated and scheduled for removal in a future version. Use timezone-aware objects to represent datetimes in UTC: datetime.datetime.now(datetime.UTC).
    call.transfer_failed_at = datetime.utcnow()

tests/webhooks/test_webhook_isolation.py: 27 warnings
tests/webhooks/test_webhook_lifecycle_real.py: 1 warning
  /home/user/voxdesk-call-ainul-islam/voxdesk-call/app/db/models.py:3023: DeprecationWarning: datetime.datetime.utcnow() is deprecated and scheduled for removal in a future version. Use timezone-aware objects to represent datetimes in UTC: datetime.datetime.now(datetime.UTC).
    now = datetime.utcnow()

-- Docs: https://docs.pytest.org/en/stable/how-to/capture-warnings.html
100 passed, 1 skipped, 675 warnings in 50.70s
