FFFF...........................................                          [100%]
=================================== FAILURES ===================================
_______ test_enqueue_is_idempotent_and_a_missing_executor_is_not_a_score _______

db = <sqlalchemy.ext.asyncio.session.AsyncSession object at 0x7fc5b50ed5e0>
tenant_a = <app.db.models.Tenant object at 0x7fc5b5193530>
owner_a = <app.db.models.User object at 0x7fc5b532e2a0>, billing_plans = None

    @pytest.mark.asyncio
    async def test_enqueue_is_idempotent_and_a_missing_executor_is_not_a_score(
        db, tenant_a, owner_a, billing_plans
    ):
>       review = await _review(db, tenant_a, owner_a)

tests/qa/test_auto_review.py:48: 
_ _ _ _ _ _ _ _ _ _ _ _ _ _ _ _ _ _ _ _ _ _ _ _ _ _ _ _ _ _ _ _ _ _ _ _ _ _ _ _ 

db = <sqlalchemy.ext.asyncio.session.AsyncSession object at 0x7fc5b50ed5e0>
tenant = <app.db.models.Tenant object at 0x7fc5b5193530>
actor = <app.db.models.User object at 0x7fc5b532e2a0>

    async def _review(db, tenant, actor):
        env = await production(db, tenant)
        call = await live_call(db, tenant, env)
>       db.add(Turn(call_id=call.id, speaker=Speaker.AGENT, text="Hello, how may I help you?"))
E       AttributeError: type object 'Speaker' has no attribute 'AGENT'

tests/qa/test_auto_review.py:23: AttributeError
__________ test_suggestion_does_not_finalize_or_replace_a_human_score __________

db = <sqlalchemy.ext.asyncio.session.AsyncSession object at 0x7fc5b41d3830>
tenant_a = <app.db.models.Tenant object at 0x7fc5b41d31a0>
owner_a = <app.db.models.User object at 0x7fc5b41d27e0>, billing_plans = None

    @pytest.mark.asyncio
    async def test_suggestion_does_not_finalize_or_replace_a_human_score(
        db, tenant_a, owner_a, billing_plans
    ):
>       review = await _review(db, tenant_a, owner_a)

tests/qa/test_auto_review.py:69: 
_ _ _ _ _ _ _ _ _ _ _ _ _ _ _ _ _ _ _ _ _ _ _ _ _ _ _ _ _ _ _ _ _ _ _ _ _ _ _ _ 

db = <sqlalchemy.ext.asyncio.session.AsyncSession object at 0x7fc5b41d3830>
tenant = <app.db.models.Tenant object at 0x7fc5b41d31a0>
actor = <app.db.models.User object at 0x7fc5b41d27e0>

    async def _review(db, tenant, actor):
        env = await production(db, tenant)
        call = await live_call(db, tenant, env)
>       db.add(Turn(call_id=call.id, speaker=Speaker.AGENT, text="Hello, how may I help you?"))
E       AttributeError: type object 'Speaker' has no attribute 'AGENT'

tests/qa/test_auto_review.py:23: AttributeError
______________ test_bad_evidence_and_auth_failures_are_permanent _______________

db = <sqlalchemy.ext.asyncio.session.AsyncSession object at 0x7fc5b40db980>
tenant_a = <app.db.models.Tenant object at 0x7fc5b41d3ec0>
owner_a = <app.db.models.User object at 0x7fc5b41d2270>, billing_plans = None

    @pytest.mark.asyncio
    async def test_bad_evidence_and_auth_failures_are_permanent(db, tenant_a, owner_a, billing_plans):
>       review = await _review(db, tenant_a, owner_a)

tests/qa/test_auto_review.py:110: 
_ _ _ _ _ _ _ _ _ _ _ _ _ _ _ _ _ _ _ _ _ _ _ _ _ _ _ _ _ _ _ _ _ _ _ _ _ _ _ _ 

db = <sqlalchemy.ext.asyncio.session.AsyncSession object at 0x7fc5b40db980>
tenant = <app.db.models.Tenant object at 0x7fc5b41d3ec0>
actor = <app.db.models.User object at 0x7fc5b41d2270>

    async def _review(db, tenant, actor):
        env = await production(db, tenant)
        call = await live_call(db, tenant, env)
>       db.add(Turn(call_id=call.id, speaker=Speaker.AGENT, text="Hello, how may I help you?"))
E       AttributeError: type object 'Speaker' has no attribute 'AGENT'

tests/qa/test_auto_review.py:23: AttributeError
_____________ test_finalized_review_is_not_sent_back_to_the_model ______________

db = <sqlalchemy.ext.asyncio.session.AsyncSession object at 0x7fc5b4100c80>
tenant_a = <app.db.models.Tenant object at 0x7fc5b41d3fe0>
owner_a = <app.db.models.User object at 0x7fc5aff71ca0>

    @pytest.mark.asyncio
    async def test_finalized_review_is_not_sent_back_to_the_model(db, tenant_a, owner_a):
>       review = await _review(db, tenant_a, owner_a)

tests/qa/test_auto_review.py:156: 
_ _ _ _ _ _ _ _ _ _ _ _ _ _ _ _ _ _ _ _ _ _ _ _ _ _ _ _ _ _ _ _ _ _ _ _ _ _ _ _ 

db = <sqlalchemy.ext.asyncio.session.AsyncSession object at 0x7fc5b4100c80>
tenant = <app.db.models.Tenant object at 0x7fc5b41d3fe0>
actor = <app.db.models.User object at 0x7fc5aff71ca0>

    async def _review(db, tenant, actor):
        env = await production(db, tenant)
        call = await live_call(db, tenant, env)
>       db.add(Turn(call_id=call.id, speaker=Speaker.AGENT, text="Hello, how may I help you?"))
E       AttributeError: type object 'Speaker' has no attribute 'AGENT'

tests/qa/test_auto_review.py:23: AttributeError
=============================== warnings summary ===============================
tests/qa/test_auto_review.py: 4 warnings
tests/qa/test_calibration.py: 1 warning
tests/qa/test_call_outcomes.py: 2 warnings
tests/qa/test_coaching.py: 3 warnings
tests/qa/test_compliance.py: 2 warnings
tests/qa/test_concurrency.py: 4 warnings
tests/qa/test_isolation.py: 5 warnings
tests/qa/test_sampling.py: 4 warnings
tests/qa/test_scoring.py: 1 warning
tests/qa/test_sentiment.py: 4 warnings
tests/telephony/test_post_call_pipeline.py: 21 warnings
  /home/user/voxdesk-call-ainul-islam/voxdesk-call/app/db/models.py:2938: DeprecationWarning: datetime.datetime.utcnow() is deprecated and scheduled for removal in a future version. Use timezone-aware objects to represent datetimes in UTC: datetime.datetime.now(datetime.UTC).
    now = datetime.utcnow()

tests/qa/test_auto_review.py: 36 warnings
tests/qa/test_calibration.py: 5 warnings
tests/qa/test_call_outcomes.py: 8 warnings
tests/qa/test_coaching.py: 11 warnings
tests/qa/test_compliance.py: 4 warnings
tests/qa/test_concurrency.py: 17 warnings
tests/qa/test_isolation.py: 30 warnings
tests/qa/test_sampling.py: 6 warnings
tests/qa/test_scoring.py: 3 warnings
tests/qa/test_sentiment.py: 7 warnings
tests/telephony/test_post_call_pipeline.py: 75 warnings
  /home/user/voxdesk-call-ainul-islam/voxdesk-call/.venv/lib/python3.12/site-packages/sqlalchemy/sql/schema.py:3596: DeprecationWarning: datetime.datetime.utcnow() is deprecated and scheduled for removal in a future version. Use timezone-aware objects to represent datetimes in UTC: datetime.datetime.now(datetime.UTC).
    return util.wrap_callable(lambda ctx: fn(), fn)  # type: ignore

tests/qa/test_auto_review.py: 4 warnings
tests/qa/test_calibration.py: 1 warning
tests/qa/test_call_outcomes.py: 2 warnings
tests/qa/test_coaching.py: 3 warnings
tests/qa/test_compliance.py: 2 warnings
tests/qa/test_concurrency.py: 4 warnings
tests/qa/test_isolation.py: 5 warnings
tests/qa/test_sampling.py: 4 warnings
tests/qa/test_scoring.py: 1 warning
tests/qa/test_sentiment.py: 4 warnings
tests/telephony/test_post_call_pipeline.py: 21 warnings
  /home/user/voxdesk-call-ainul-islam/voxdesk-call/app/db/models.py:2968: DeprecationWarning: datetime.datetime.utcnow() is deprecated and scheduled for removal in a future version. Use timezone-aware objects to represent datetimes in UTC: datetime.datetime.now(datetime.UTC).
    now = datetime.utcnow()

tests/qa/test_auto_review.py: 4 warnings
tests/qa/test_calibration.py: 2 warnings
tests/qa/test_call_outcomes.py: 2 warnings
tests/qa/test_coaching.py: 4 warnings
tests/qa/test_concurrency.py: 6 warnings
tests/qa/test_isolation.py: 7 warnings
tests/qa/test_sampling.py: 1 warning
tests/qa/test_scoring.py: 1 warning
  /home/user/voxdesk-call-ainul-islam/voxdesk-call/app/db/models.py:3023: DeprecationWarning: datetime.datetime.utcnow() is deprecated and scheduled for removal in a future version. Use timezone-aware objects to represent datetimes in UTC: datetime.datetime.now(datetime.UTC).
    now = datetime.utcnow()

tests/qa/test_isolation.py::test_other_tenant_cannot_see_a_review_scorecard_or_export
tests/qa/test_isolation.py::test_other_tenant_cannot_see_a_review_scorecard_or_export
tests/qa/test_isolation.py::test_other_tenant_cannot_see_a_review_scorecard_or_export
tests/qa/test_isolation.py::test_other_tenant_cannot_see_a_review_scorecard_or_export
tests/qa/test_isolation.py::test_other_tenant_cannot_see_a_review_scorecard_or_export
tests/qa/test_isolation.py::test_other_tenant_cannot_see_a_review_scorecard_or_export
  /home/user/voxdesk-call-ainul-islam/voxdesk-call/.venv/lib/python3.12/site-packages/pydantic/_internal/_config.py:295: PydanticDeprecatedSince20: Support for class-based `config` is deprecated, use ConfigDict instead. Deprecated in Pydantic V2.0 to be removed in V3.0. See Pydantic V2 Migration Guide at https://errors.pydantic.dev/2.10/migration/
    warnings.warn(DEPRECATION_MESSAGE, DeprecationWarning)

tests/telephony/test_post_call_pipeline.py: 18 warnings
  /home/user/voxdesk-call-ainul-islam/voxdesk-call/tests/conftest.py:569: DeprecationWarning: datetime.datetime.utcnow() is deprecated and scheduled for removal in a future version. Use timezone-aware objects to represent datetimes in UTC: datetime.datetime.now(datetime.UTC).
    "started_at": datetime.utcnow(),

tests/telephony/test_post_call_pipeline.py::test_terminal_transition_enqueues_once_in_same_transaction
tests/telephony/test_post_call_pipeline.py::test_enqueue_failure_rolls_back_terminal_fact
tests/telephony/test_post_call_pipeline.py::test_real_worker_governed_http_persists_output_and_usage
tests/telephony/test_post_call_pipeline.py::test_real_status_callback_admits_job
  /home/user/voxdesk-call-ainul-islam/voxdesk-call/app/telephony/call_state.py:261: DeprecationWarning: datetime.datetime.utcnow() is deprecated and scheduled for removal in a future version. Use timezone-aware objects to represent datetimes in UTC: datetime.datetime.now(datetime.UTC).
    call.ended_at = ended_at or datetime.utcnow()

-- Docs: https://docs.pytest.org/en/stable/how-to/capture-warnings.html
=========================== short test summary info ============================
FAILED tests/qa/test_auto_review.py::test_enqueue_is_idempotent_and_a_missing_executor_is_not_a_score
FAILED tests/qa/test_auto_review.py::test_suggestion_does_not_finalize_or_replace_a_human_score
FAILED tests/qa/test_auto_review.py::test_bad_evidence_and_auth_failures_are_permanent
FAILED tests/qa/test_auto_review.py::test_finalized_review_is_not_sent_back_to_the_model
4 failed, 43 passed, 359 warnings in 33.36s
