...............................FFF...................................... [ 51%]
....................................................................     [100%]
=================================== FAILURES ===================================
__________ test_worker_rejects_forged_scope_before_inference[tenant] ___________

db = <sqlalchemy.ext.asyncio.session.AsyncSession object at 0x7f26174f1040>
tenant_a = <app.db.models.Tenant object at 0x7f2616c1a1e0>
sessionmaker_ = async_sessionmaker(class_='AsyncSession', bind=<sqlalchemy.ext.asyncio.engine.AsyncEngine object at 0x7f2616ee0110>, autoflush=True, expire_on_commit=False)
boundary = 'tenant'

    @pytest.mark.parametrize("boundary", ["tenant", "environment", "version"])
    async def test_worker_rejects_forged_scope_before_inference(db, tenant_a, sessionmaker_, boundary):
        _, _, _, run = await review_run(db, tenant_a)
        job = await db.get(DurableJob, run.job_id)
        payload = dict(job.payload)
        if boundary == "version":
            payload["scorecard_version"] = True
        else:
            payload[f"target_{boundary}_id"] = str(uuid.uuid4())
        job.payload = payload
        await db.commit()
        async def forbidden(*args):
            raise AssertionError("Invalid scope must not reach a provider")
        worker = JobWorker(sessionmaker_, handlers={JobType.QA_AUTO_REVIEW: auto_review.make_auto_review_handler(sessionmaker_, executor=forbidden)}, job_types=(JobType.QA_AUTO_REVIEW,))
        handled = await worker.run_once()
>       assert handled.status == "dead_letter" and handled.last_error_category == "qa_scope_invalid"
E       AssertionError: assert ('dead_letter' == 'dead_letter'
E         
E           dead_letter and 'tenant_mismatch' == 'qa_scope_invalid'
E         
E         - qa_scope_invalid
E         + tenant_mismatch)

tests/qa/test_post_call_runtime.py:242: AssertionError
----------------------------- Captured stdout call -----------------------------
[2m2026-10-07T08:42:15.490665Z[0m [[32m[1minfo     [0m] [1mreview.created                [0m [36mreview_id[0m=[35m33b60b20-f1b7-418c-b189-b9b3b5f5aa51[0m [36mtenant_id[0m=[35m56b561bb-1061-4a52-b7d4-dc35b9d87484[0m
[2m2026-10-07T08:42:15.500042Z[0m [[32m[1minfo     [0m] [1mreview.auto_review_requested  [0m [36mreview_id[0m=[35m33b60b20-f1b7-418c-b189-b9b3b5f5aa51[0m [36mtenant_id[0m=[35m56b561bb-1061-4a52-b7d4-dc35b9d87484[0m
[2m2026-10-07T08:42:15.520097Z[0m [[32m[1minfo     [0m] [1mjobs.environment_rejected     [0m [36mcategory[0m=[35mtenant_mismatch[0m [36mjob_id[0m=[35mbfaedf86-79b4-4973-99b0-6df45accc401[0m [36mtenant_id[0m=[35m56b561bb-1061-4a52-b7d4-dc35b9d87484[0m
[2m2026-10-07T08:42:15.525859Z[0m [[32m[1minfo     [0m] [1mjobs.cycle                    [0m [36mjob_id[0m=[35mbfaedf86-79b4-4973-99b0-6df45accc401[0m [36mjob_type[0m=[35mqa_auto_review[0m [36moutcome[0m=[35mdead_letter[0m [36mworker_id[0m=[35mworker-7add09cd26cb[0m
________ test_worker_rejects_forged_scope_before_inference[environment] ________

db = <sqlalchemy.ext.asyncio.session.AsyncSession object at 0x7f2616da1940>
tenant_a = <app.db.models.Tenant object at 0x7f2616b3baa0>
sessionmaker_ = async_sessionmaker(class_='AsyncSession', bind=<sqlalchemy.ext.asyncio.engine.AsyncEngine object at 0x7f2616b24b10>, autoflush=True, expire_on_commit=False)
boundary = 'environment'

    @pytest.mark.parametrize("boundary", ["tenant", "environment", "version"])
    async def test_worker_rejects_forged_scope_before_inference(db, tenant_a, sessionmaker_, boundary):
        _, _, _, run = await review_run(db, tenant_a)
        job = await db.get(DurableJob, run.job_id)
        payload = dict(job.payload)
        if boundary == "version":
            payload["scorecard_version"] = True
        else:
            payload[f"target_{boundary}_id"] = str(uuid.uuid4())
        job.payload = payload
        await db.commit()
        async def forbidden(*args):
            raise AssertionError("Invalid scope must not reach a provider")
        worker = JobWorker(sessionmaker_, handlers={JobType.QA_AUTO_REVIEW: auto_review.make_auto_review_handler(sessionmaker_, executor=forbidden)}, job_types=(JobType.QA_AUTO_REVIEW,))
        handled = await worker.run_once()
>       assert handled.status == "dead_letter" and handled.last_error_category == "qa_scope_invalid"
E       AssertionError: assert ('dead_letter' == 'dead_letter'
E         
E           dead_letter and 'environment_mismatch' == 'qa_scope_invalid'
E         
E         - qa_scope_invalid
E         + environment_mismatch)

tests/qa/test_post_call_runtime.py:242: AssertionError
----------------------------- Captured stdout call -----------------------------
[2m2026-10-07T08:42:16.098488Z[0m [[32m[1minfo     [0m] [1mreview.created                [0m [36mreview_id[0m=[35ma4750bfe-19ec-45ec-a170-d08b6ad47c5b[0m [36mtenant_id[0m=[35m79ad7c7d-4f19-4543-aca0-d3cba54c4f71[0m
[2m2026-10-07T08:42:16.108514Z[0m [[32m[1minfo     [0m] [1mreview.auto_review_requested  [0m [36mreview_id[0m=[35ma4750bfe-19ec-45ec-a170-d08b6ad47c5b[0m [36mtenant_id[0m=[35m79ad7c7d-4f19-4543-aca0-d3cba54c4f71[0m
[2m2026-10-07T08:42:16.124100Z[0m [[32m[1minfo     [0m] [1mjobs.environment_rejected     [0m [36mcategory[0m=[35menvironment_mismatch[0m [36mjob_id[0m=[35me9de1413-75a1-4771-b285-c56d9fddff96[0m [36mtenant_id[0m=[35m79ad7c7d-4f19-4543-aca0-d3cba54c4f71[0m
[2m2026-10-07T08:42:16.128122Z[0m [[32m[1minfo     [0m] [1mjobs.cycle                    [0m [36mjob_id[0m=[35me9de1413-75a1-4771-b285-c56d9fddff96[0m [36mjob_type[0m=[35mqa_auto_review[0m [36moutcome[0m=[35mdead_letter[0m [36mworker_id[0m=[35mworker-79cea6a4d48d[0m
__________ test_worker_rejects_forged_scope_before_inference[version] __________

db = <sqlalchemy.ext.asyncio.session.AsyncSession object at 0x7f2616a7c740>
tenant_a = <app.db.models.Tenant object at 0x7f2616d29a60>
sessionmaker_ = async_sessionmaker(class_='AsyncSession', bind=<sqlalchemy.ext.asyncio.engine.AsyncEngine object at 0x7f2616a5e710>, autoflush=True, expire_on_commit=False)
boundary = 'version'

    @pytest.mark.parametrize("boundary", ["tenant", "environment", "version"])
    async def test_worker_rejects_forged_scope_before_inference(db, tenant_a, sessionmaker_, boundary):
        _, _, _, run = await review_run(db, tenant_a)
        job = await db.get(DurableJob, run.job_id)
        payload = dict(job.payload)
        if boundary == "version":
            payload["scorecard_version"] = True
        else:
            payload[f"target_{boundary}_id"] = str(uuid.uuid4())
        job.payload = payload
        await db.commit()
        async def forbidden(*args):
            raise AssertionError("Invalid scope must not reach a provider")
        worker = JobWorker(sessionmaker_, handlers={JobType.QA_AUTO_REVIEW: auto_review.make_auto_review_handler(sessionmaker_, executor=forbidden)}, job_types=(JobType.QA_AUTO_REVIEW,))
        handled = await worker.run_once()
>       assert handled.status == "dead_letter" and handled.last_error_category == "qa_scope_invalid"
E       AssertionError: assert ('retry_scheduled' == 'dead_letter'
E         
E         - dead_letter
E         + retry_scheduled)

tests/qa/test_post_call_runtime.py:242: AssertionError
----------------------------- Captured stdout call -----------------------------
[2m2026-10-07T08:42:16.615799Z[0m [[32m[1minfo     [0m] [1mreview.created                [0m [36mreview_id[0m=[35m42ad66e8-d6c2-4240-a986-55095daacd25[0m [36mtenant_id[0m=[35m97eea87c-16d9-4a1f-8722-059e4f122735[0m
[2m2026-10-07T08:42:16.625341Z[0m [[32m[1minfo     [0m] [1mreview.auto_review_requested  [0m [36mreview_id[0m=[35m42ad66e8-d6c2-4240-a986-55095daacd25[0m [36mtenant_id[0m=[35m97eea87c-16d9-4a1f-8722-059e4f122735[0m
[2m2026-10-07T08:42:16.640654Z[0m [[32m[1minfo     [0m] [1mruntime.event                 [0m [36mcomponent[0m=[35mqueue[0m [36mduration_ms[0m=[35mNone[0m [36menvironment_id[0m=[35m6334a8d2-015f-4725-9eba-e554bfa64602[0m [36mevent_name[0m=[35mexecution[0m [36mexecution_id[0m=[35mfc87d19a-67da-4193-a012-36b31701638e[0m [36mjob_id[0m=[35mfc87d19a-67da-4193-a012-36b31701638e[0m [36moutcome[0m=[35mstarted[0m [36mreason_code[0m=[35mNone[0m [36mrequest_id[0m=[35mfc87d19a-67da-4193-a012-36b31701638e[0m [36mtenant_id[0m=[35m97eea87c-16d9-4a1f-8722-059e4f122735[0m [36mtrace_id[0m=[35mfc87d19a-67da-4193-a012-36b31701638e[0m
[2m2026-10-07T08:42:16.640831Z[0m [[32m[1minfo     [0m] [1mjobs.execution_started        [0m [36mattempt[0m=[35m1[0m [36menvironment_id[0m=[35m6334a8d2-015f-4725-9eba-e554bfa64602[0m [36mexecution_id[0m=[35mfc87d19a-67da-4193-a012-36b31701638e[0m [36mjob_id[0m=[35mfc87d19a-67da-4193-a012-36b31701638e[0m [36mjob_type[0m=[35mqa_auto_review[0m [36morganization_id[0m=[35m366504bd-37fe-44e7-a0e0-a57b4004f0ef[0m [36mrequest_id[0m=[35mfc87d19a-67da-4193-a012-36b31701638e[0m [36mtenant_id[0m=[35m97eea87c-16d9-4a1f-8722-059e4f122735[0m [36mtrace_id[0m=[35mfc87d19a-67da-4193-a012-36b31701638e[0m
[2m2026-10-07T08:42:16.663130Z[0m [[31m[1merror    [0m] [1mbilling.no_plan_resolved      [0m [36mmetric[0m=[35mllm_token[0m [36mtenant_id[0m=[35m97eea87c-16d9-4a1f-8722-059e4f122735[0m
[2m2026-10-07T08:42:16.663598Z[0m [[32m[1minfo     [0m] [1mruntime.event                 [0m [36mcomponent[0m=[35mqueue[0m [36mduration_ms[0m=[35m22.93[0m [36menvironment_id[0m=[35m6334a8d2-015f-4725-9eba-e554bfa64602[0m [36mevent_name[0m=[35mexecution[0m [36mexecution_id[0m=[35mfc87d19a-67da-4193-a012-36b31701638e[0m [36mjob_id[0m=[35mfc87d19a-67da-4193-a012-36b31701638e[0m [36moutcome[0m=[35mfailure[0m [36mreason_code[0m=[35munhandled[0m [36mrequest_id[0m=[35mfc87d19a-67da-4193-a012-36b31701638e[0m [36mtenant_id[0m=[35m97eea87c-16d9-4a1f-8722-059e4f122735[0m [36mtrace_id[0m=[35mfc87d19a-67da-4193-a012-36b31701638e[0m
[2m2026-10-07T08:42:16.663813Z[0m [[33m[1mwarning  [0m] [1mjobs.execution_failed         [0m [36mcategory[0m=[35munhandled[0m [36menvironment_id[0m=[35m6334a8d2-015f-4725-9eba-e554bfa64602[0m [36merror_type[0m=[35mAssertionError[0m [36mjob_id[0m=[35mfc87d19a-67da-4193-a012-36b31701638e[0m [36mjob_type[0m=[35mqa_auto_review[0m [36mtenant_id[0m=[35m97eea87c-16d9-4a1f-8722-059e4f122735[0m [36mtrace_id[0m=[35mfc87d19a-67da-4193-a012-36b31701638e[0m
[2m2026-10-07T08:42:16.663937Z[0m [[32m[1minfo     [0m] [1mjobs.handler_failed           [0m [36mcategory[0m=[35munhandled[0m [36mjob_id[0m=[35mfc87d19a-67da-4193-a012-36b31701638e[0m [36mjob_type[0m=[35mqa_auto_review[0m
[2m2026-10-07T08:42:16.668185Z[0m [[32m[1minfo     [0m] [1mjobs.cycle                    [0m [36mjob_id[0m=[35mfc87d19a-67da-4193-a012-36b31701638e[0m [36mjob_type[0m=[35mqa_auto_review[0m [36moutcome[0m=[35mretry_scheduled[0m [36mworker_id[0m=[35mworker-e7da3f31372b[0m
=============================== warnings summary ===============================
tests/qa/test_auto_review.py: 4 warnings
tests/qa/test_calibration.py: 1 warning
tests/qa/test_call_outcomes.py: 2 warnings
tests/qa/test_coaching.py: 3 warnings
tests/qa/test_compliance.py: 2 warnings
tests/qa/test_concurrency.py: 4 warnings
tests/qa/test_isolation.py: 5 warnings
tests/qa/test_post_call_runtime.py: 19 warnings
tests/qa/test_sampling.py: 4 warnings
tests/qa/test_scoring.py: 1 warning
tests/qa/test_sentiment.py: 4 warnings
tests/telephony/test_analysis_backfill.py: 17 warnings
tests/telephony/test_callback_reconciliation.py: 6 warnings
tests/telephony/test_custom_analysis.py: 4 warnings
tests/telephony/test_lead_lifecycle_callbacks.py: 8 warnings
tests/telephony/test_number_provisioning.py: 8 warnings
tests/telephony/test_outbound_environment_scope.py: 10 warnings
tests/telephony/test_post_call_pipeline.py: 21 warnings
tests/telephony/test_provider_contract.py: 1 warning
tests/telephony/test_qos.py: 2 warnings
tests/telephony/test_recording.py: 8 warnings
  /home/user/voxdesk-call-ainul-islam/voxdesk-call/app/db/models.py:2938: DeprecationWarning: datetime.datetime.utcnow() is deprecated and scheduled for removal in a future version. Use timezone-aware objects to represent datetimes in UTC: datetime.datetime.now(datetime.UTC).
    now = datetime.utcnow()

tests/qa/test_auto_review.py: 47 warnings
tests/qa/test_calibration.py: 5 warnings
tests/qa/test_call_outcomes.py: 8 warnings
tests/qa/test_coaching.py: 11 warnings
tests/qa/test_compliance.py: 4 warnings
tests/qa/test_concurrency.py: 17 warnings
tests/qa/test_isolation.py: 30 warnings
tests/qa/test_post_call_runtime.py: 91 warnings
tests/qa/test_sampling.py: 6 warnings
tests/qa/test_scoring.py: 3 warnings
tests/qa/test_sentiment.py: 7 warnings
tests/telephony/test_analysis_backfill.py: 124 warnings
tests/telephony/test_callback_reconciliation.py: 22 warnings
tests/telephony/test_custom_analysis.py: 25 warnings
tests/telephony/test_lead_lifecycle_callbacks.py: 68 warnings
tests/telephony/test_number_provisioning.py: 41 warnings
tests/telephony/test_outbound_environment_scope.py: 48 warnings
tests/telephony/test_post_call_pipeline.py: 75 warnings
tests/telephony/test_provider_contract.py: 1 warning
tests/telephony/test_qos.py: 2 warnings
tests/telephony/test_recording.py: 12 warnings
  /home/user/voxdesk-call-ainul-islam/voxdesk-call/.venv/lib/python3.12/site-packages/sqlalchemy/sql/schema.py:3596: DeprecationWarning: datetime.datetime.utcnow() is deprecated and scheduled for removal in a future version. Use timezone-aware objects to represent datetimes in UTC: datetime.datetime.now(datetime.UTC).
    return util.wrap_callable(lambda ctx: fn(), fn)  # type: ignore

tests/qa/test_auto_review.py: 4 warnings
tests/qa/test_calibration.py: 1 warning
tests/qa/test_call_outcomes.py: 2 warnings
tests/qa/test_coaching.py: 3 warnings
tests/qa/test_compliance.py: 2 warnings
tests/qa/test_concurrency.py: 4 warnings
tests/qa/test_isolation.py: 5 warnings
tests/qa/test_post_call_runtime.py: 19 warnings
tests/qa/test_sampling.py: 4 warnings
tests/qa/test_scoring.py: 1 warning
tests/qa/test_sentiment.py: 4 warnings
tests/telephony/test_analysis_backfill.py: 17 warnings
tests/telephony/test_callback_reconciliation.py: 6 warnings
tests/telephony/test_custom_analysis.py: 4 warnings
tests/telephony/test_lead_lifecycle_callbacks.py: 8 warnings
tests/telephony/test_number_provisioning.py: 8 warnings
tests/telephony/test_outbound_environment_scope.py: 10 warnings
tests/telephony/test_post_call_pipeline.py: 21 warnings
tests/telephony/test_provider_contract.py: 1 warning
tests/telephony/test_qos.py: 2 warnings
tests/telephony/test_recording.py: 8 warnings
  /home/user/voxdesk-call-ainul-islam/voxdesk-call/app/db/models.py:2968: DeprecationWarning: datetime.datetime.utcnow() is deprecated and scheduled for removal in a future version. Use timezone-aware objects to represent datetimes in UTC: datetime.datetime.now(datetime.UTC).
    now = datetime.utcnow()

tests/qa/test_auto_review.py: 4 warnings
tests/qa/test_calibration.py: 2 warnings
tests/qa/test_call_outcomes.py: 2 warnings
tests/qa/test_coaching.py: 4 warnings
tests/qa/test_concurrency.py: 6 warnings
tests/qa/test_isolation.py: 7 warnings
tests/qa/test_post_call_runtime.py: 3 warnings
tests/qa/test_sampling.py: 1 warning
tests/qa/test_scoring.py: 1 warning
tests/telephony/test_analysis_backfill.py: 16 warnings
tests/telephony/test_callback_reconciliation.py: 2 warnings
tests/telephony/test_custom_analysis.py: 2 warnings
tests/telephony/test_number_provisioning.py: 3 warnings
tests/telephony/test_recording.py: 2 warnings
  /home/user/voxdesk-call-ainul-islam/voxdesk-call/app/db/models.py:3023: DeprecationWarning: datetime.datetime.utcnow() is deprecated and scheduled for removal in a future version. Use timezone-aware objects to represent datetimes in UTC: datetime.datetime.now(datetime.UTC).
    now = datetime.utcnow()

tests/qa/test_isolation.py::test_other_tenant_cannot_see_a_review_scorecard_or_export
tests/qa/test_isolation.py::test_other_tenant_cannot_see_a_review_scorecard_or_export
tests/qa/test_isolation.py::test_other_tenant_cannot_see_a_review_scorecard_or_export
tests/qa/test_isolation.py::test_other_tenant_cannot_see_a_review_scorecard_or_export
tests/qa/test_isolation.py::test_other_tenant_cannot_see_a_review_scorecard_or_export
tests/qa/test_isolation.py::test_other_tenant_cannot_see_a_review_scorecard_or_export
  /home/user/voxdesk-call-ainul-islam/voxdesk-call/.venv/lib/python3.12/site-packages/pydantic/_internal/_config.py:295: PydanticDeprecatedSince20: Support for class-based `config` is deprecated, use ConfigDict instead. Deprecated in Pydantic V2.0 to be removed in V3.0. See Pydantic V2 Migration Guide at https://errors.pydantic.dev/2.10/migration/
    warnings.warn(DEPRECATION_MESSAGE, DeprecationWarning)

tests/qa/test_post_call_runtime.py: 18 warnings
tests/telephony/test_analysis_backfill.py: 16 warnings
tests/telephony/test_callback_reconciliation.py: 5 warnings
tests/telephony/test_custom_analysis.py: 2 warnings
tests/telephony/test_lead_lifecycle_callbacks.py: 8 warnings
tests/telephony/test_post_call_pipeline.py: 18 warnings
tests/telephony/test_qos.py: 2 warnings
tests/telephony/test_recording.py: 6 warnings
  /home/user/voxdesk-call-ainul-islam/voxdesk-call/tests/conftest.py:569: DeprecationWarning: datetime.datetime.utcnow() is deprecated and scheduled for removal in a future version. Use timezone-aware objects to represent datetimes in UTC: datetime.datetime.now(datetime.UTC).
    "started_at": datetime.utcnow(),

tests/telephony/test_callback_reconciliation.py: 2 warnings
tests/telephony/test_lead_lifecycle_callbacks.py: 8 warnings
tests/telephony/test_post_call_pipeline.py: 4 warnings
  /home/user/voxdesk-call-ainul-islam/voxdesk-call/app/telephony/call_state.py:261: DeprecationWarning: datetime.datetime.utcnow() is deprecated and scheduled for removal in a future version. Use timezone-aware objects to represent datetimes in UTC: datetime.datetime.now(datetime.UTC).
    call.ended_at = ended_at or datetime.utcnow()

tests/telephony/test_lead_lifecycle_callbacks.py: 12 warnings
tests/telephony/test_outbound_environment_scope.py: 10 warnings
  /home/user/voxdesk-call-ainul-islam/voxdesk-call/app/leads/models.py:25: DeprecationWarning: datetime.datetime.utcnow() is deprecated and scheduled for removal in a future version. Use timezone-aware objects to represent datetimes in UTC: datetime.datetime.now(datetime.UTC).
    return datetime.utcnow()

tests/telephony/test_outbound_environment_scope.py::test_selection_is_restricted_to_the_campaign_environment
tests/telephony/test_outbound_environment_scope.py::test_staging_campaign_selects_only_staging_leads
tests/telephony/test_outbound_environment_scope.py::test_dnc_and_attempt_cap_still_exclude_leads
tests/telephony/test_outbound_environment_scope.py::test_parallel_ticks_claim_each_lead_once
tests/telephony/test_outbound_environment_scope.py::test_parallel_ticks_claim_each_lead_once
  /home/user/voxdesk-call-ainul-islam/voxdesk-call/app/telephony/outbound.py:90: DeprecationWarning: datetime.datetime.utcnow() is deprecated and scheduled for removal in a future version. Use timezone-aware objects to represent datetimes in UTC: datetime.datetime.now(datetime.UTC).
    now = datetime.utcnow()

tests/telephony/test_outbound_environment_scope.py::test_same_environment_pair_dials
tests/telephony/test_outbound_environment_scope.py::test_parallel_ticks_claim_each_lead_once
tests/telephony/test_outbound_environment_scope.py::test_parallel_ticks_claim_each_lead_once
tests/telephony/test_outbound_environment_scope.py::test_parallel_ticks_claim_each_lead_once
tests/telephony/test_outbound_environment_scope.py::test_parallel_ticks_claim_each_lead_once
tests/telephony/test_outbound_environment_scope.py::test_parallel_ticks_claim_each_lead_once
tests/telephony/test_outbound_environment_scope.py::test_parallel_ticks_claim_each_lead_once
  /home/user/voxdesk-call-ainul-islam/voxdesk-call/app/telephony/outbound.py:251: DeprecationWarning: datetime.datetime.utcnow() is deprecated and scheduled for removal in a future version. Use timezone-aware objects to represent datetimes in UTC: datetime.datetime.now(datetime.UTC).
    now = datetime.utcnow()

tests/telephony/test_qos.py::test_valid_metrics_and_missing_metric
  tests/telephony/test_qos.py:15: PytestWarning: The test <Function test_valid_metrics_and_missing_metric> is marked with '@pytest.mark.asyncio' but it is not an async function. Please remove the asyncio mark. If the test is not marked explicitly, check for global marks applied via 'pytestmark'.
    def test_valid_metrics_and_missing_metric():

tests/telephony/test_qos.py::test_negative_and_unit_and_mos_are_rejected
  tests/telephony/test_qos.py:32: PytestWarning: The test <Function test_negative_and_unit_and_mos_are_rejected> is marked with '@pytest.mark.asyncio' but it is not an async function. Please remove the asyncio mark. If the test is not marked explicitly, check for global marks applied via 'pytestmark'.
    def test_negative_and_unit_and_mos_are_rejected():

tests/telephony/test_recording.py::test_retention_deletes_recording_unless_held
  /home/user/voxdesk-call-ainul-islam/voxdesk-call/tests/telephony/test_recording.py:148: DeprecationWarning: datetime.datetime.utcnow() is deprecated and scheduled for removal in a future version. Use timezone-aware objects to represent datetimes in UTC: datetime.datetime.now(datetime.UTC).
    call.started_at = datetime.utcnow() - timedelta(days=400)

tests/telephony/test_recording.py::test_retention_deletes_recording_unless_held
  /home/user/voxdesk-call-ainul-islam/voxdesk-call/tests/telephony/test_recording.py:160: DeprecationWarning: datetime.datetime.utcnow() is deprecated and scheduled for removal in a future version. Use timezone-aware objects to represent datetimes in UTC: datetime.datetime.now(datetime.UTC).
    call2.started_at = datetime.utcnow() - timedelta(days=400)

-- Docs: https://docs.pytest.org/en/stable/how-to/capture-warnings.html
=========================== short test summary info ============================
FAILED tests/qa/test_post_call_runtime.py::test_worker_rejects_forged_scope_before_inference[tenant]
FAILED tests/qa/test_post_call_runtime.py::test_worker_rejects_forged_scope_before_inference[environment]
FAILED tests/qa/test_post_call_runtime.py::test_worker_rejects_forged_scope_before_inference[version]
3 failed, 137 passed, 1103 warnings in 69.34s (0:01:09)
