.............................F......s................................... [ 50%]
......................................................................   [100%]
=================================== FAILURES ===================================
____________ test_retry_refuses_changed_transcript_and_pins_rubric _____________

db = <sqlalchemy.ext.asyncio.session.AsyncSession object at 0x7f0ceb947680>
tenant_a = <app.db.models.Tenant object at 0x7f0ceb77a0c0>

    async def test_retry_refuses_changed_transcript_and_pins_rubric(db, tenant_a):
        call, _, _, run = await review_run(db, tenant_a)
        original_rubric = json.loads(json.dumps(run.rubric_snapshot))
        item = (await db.scalars(select(ScorecardItem))).one()
        item.name = "Changed after admission"
        await db.commit()
        async def timeout(choice, text, timeout_ms):
            assert json.loads(text)["rubric"] == original_rubric
            raise ProviderTimeoutError("not logged", provider=choice.provider)
>       result = await auto_review.process_run(db, tenant_id=tenant_a.id, run_id=run.id,
            ctx=_WorkerAIContext(tenant_a, call.environment_id), executor=timeout)

tests/qa/test_post_call_runtime.py:194: 
_ _ _ _ _ _ _ _ _ _ _ _ _ _ _ _ _ _ _ _ _ _ _ _ _ _ _ _ _ _ _ _ _ _ _ _ _ _ _ _ 
app/qa/auto_review.py:173: in process_run
    run = await session.scalar(select(AutoReviewRun).where(AutoReviewRun.id == run_id,
.venv/lib/python3.12/site-packages/sqlalchemy/ext/asyncio/session.py:517: in scalar
    return await greenlet_spawn(
.venv/lib/python3.12/site-packages/sqlalchemy/util/_concurrency_py3k.py:203: in greenlet_spawn
    result = context.switch(value)
.venv/lib/python3.12/site-packages/sqlalchemy/orm/session.py:2410: in scalar
    return self._execute_internal(
.venv/lib/python3.12/site-packages/sqlalchemy/orm/session.py:2247: in _execute_internal
    result: Result[Any] = compile_state_cls.orm_execute_statement(
.venv/lib/python3.12/site-packages/sqlalchemy/orm/context.py:308: in orm_execute_statement
    return cls.orm_setup_cursor_result(
.venv/lib/python3.12/site-packages/sqlalchemy/orm/context.py:600: in orm_setup_cursor_result
    return loading.instances(result, querycontext)
.venv/lib/python3.12/site-packages/sqlalchemy/orm/loading.py:261: in instances
    _prebuffered = list(chunks(None))
.venv/lib/python3.12/site-packages/sqlalchemy/orm/loading.py:219: in chunks
    fetch = cursor._raw_all_rows()
.venv/lib/python3.12/site-packages/sqlalchemy/engine/result.py:541: in _raw_all_rows
    return [make_row(row) for row in rows]
lib/sqlalchemy/cyextension/resultproxy.pyx:22: in sqlalchemy.cyextension.resultproxy.BaseRow.__init__
    ???
lib/sqlalchemy/cyextension/resultproxy.pyx:79: in sqlalchemy.cyextension.resultproxy._apply_processors
    ???
.venv/lib/python3.12/site-packages/sqlalchemy/sql/sqltypes.py:3656: in process
    value = _python_UUID(value)
_ _ _ _ _ _ _ _ _ _ _ _ _ _ _ _ _ _ _ _ _ _ _ _ _ _ _ _ _ _ _ _ _ _ _ _ _ _ _ _ 

self = <[AttributeError("'UUID' object has no attribute 'int'") raised in repr()] UUID object at 0x7f0ceb47d650>
hex = 2.1095035545748338e+251, bytes = None, bytes_le = None, fields = None
int = None, version = None

    def __init__(self, hex=None, bytes=None, bytes_le=None, fields=None,
                       int=None, version=None,
                       *, is_safe=SafeUUID.unknown):
        r"""Create a UUID from either a string of 32 hexadecimal digits,
        a string of 16 bytes as the 'bytes' argument, a string of 16 bytes
        in little-endian order as the 'bytes_le' argument, a tuple of six
        integers (32-bit time_low, 16-bit time_mid, 16-bit time_hi_version,
        8-bit clock_seq_hi_variant, 8-bit clock_seq_low, 48-bit node) as
        the 'fields' argument, or a single 128-bit integer as the 'int'
        argument.  When a string of hex digits is given, curly braces,
        hyphens, and a URN prefix are all optional.  For example, these
        expressions all yield the same UUID:
    
        UUID('{12345678-1234-5678-1234-567812345678}')
        UUID('12345678123456781234567812345678')
        UUID('urn:uuid:12345678-1234-5678-1234-567812345678')
        UUID(bytes='\x12\x34\x56\x78'*4)
        UUID(bytes_le='\x78\x56\x34\x12\x34\x12\x78\x56' +
                      '\x12\x34\x56\x78\x12\x34\x56\x78')
        UUID(fields=(0x12345678, 0x1234, 0x5678, 0x12, 0x34, 0x567812345678))
        UUID(int=0x12345678123456781234567812345678)
    
        Exactly one of 'hex', 'bytes', 'bytes_le', 'fields', or 'int' must
        be given.  The 'version' argument is optional; if given, the resulting
        UUID will have its variant and version set according to RFC 4122,
        overriding the given 'hex', 'bytes', 'bytes_le', 'fields', or 'int'.
    
        is_safe is an enum exposed as an attribute on the instance.  It
        indicates whether the UUID has been generated in a way that is safe
        for multiprocessing applications, via uuid_generate_time_safe(3).
        """
    
        if [hex, bytes, bytes_le, fields, int].count(None) != 4:
            raise TypeError('one of the hex, bytes, bytes_le, fields, '
                            'or int arguments must be given')
        if hex is not None:
>           hex = hex.replace('urn:', '').replace('uuid:', '')
E           AttributeError: 'float' object has no attribute 'replace'

../../.local/share/uv/python/cpython-3.12.15-linux-x86_64-gnu/lib/python3.12/uuid.py:175: AttributeError
----------------------------- Captured stdout call -----------------------------
[2m2026-10-07T08:55:36.165700Z[0m [[32m[1minfo     [0m] [1mreview.created                [0m [36mreview_id[0m=[35m766a0ab6-8df1-4f99-bee9-4e3c0b7f1b6e[0m [36mtenant_id[0m=[35m93398f7c-f620-4b1b-899e-8da71b0ec130[0m
[2m2026-10-07T08:55:36.174877Z[0m [[32m[1minfo     [0m] [1mreview.auto_review_requested  [0m [36mreview_id[0m=[35m766a0ab6-8df1-4f99-bee9-4e3c0b7f1b6e[0m [36mtenant_id[0m=[35m93398f7c-f620-4b1b-899e-8da71b0ec130[0m
=============================== warnings summary ===============================
tests/qa/test_auto_review.py: 4 warnings
tests/qa/test_calibration.py: 1 warning
tests/qa/test_call_outcomes.py: 2 warnings
tests/qa/test_coaching.py: 3 warnings
tests/qa/test_compliance.py: 2 warnings
tests/qa/test_concurrency.py: 4 warnings
tests/qa/test_isolation.py: 5 warnings
tests/qa/test_post_call_runtime.py: 22 warnings
tests/qa/test_sampling.py: 4 warnings
tests/qa/test_scoring.py: 1 warning
tests/qa/test_sentiment.py: 4 warnings
tests/telephony/test_analysis_backfill.py: 17 warnings
tests/telephony/test_callback_reconciliation.py: 6 warnings
tests/telephony/test_custom_analysis.py: 4 warnings
tests/telephony/test_lead_lifecycle_callbacks.py: 8 warnings
tests/telephony/test_number_provisioning.py: 8 warnings
tests/telephony/test_outbound_environment_scope.py: 10 warnings
tests/telephony/test_post_call_pipeline.py: 21 warnings
tests/telephony/test_provider_contract.py: 1 warning
tests/telephony/test_qos.py: 2 warnings
tests/telephony/test_recording.py: 8 warnings
  /home/user/voxdesk-call-ainul-islam/voxdesk-call/app/db/models.py:2938: DeprecationWarning: datetime.datetime.utcnow() is deprecated and scheduled for removal in a future version. Use timezone-aware objects to represent datetimes in UTC: datetime.datetime.now(datetime.UTC).
    now = datetime.utcnow()

tests/qa/test_auto_review.py: 47 warnings
tests/qa/test_calibration.py: 5 warnings
tests/qa/test_call_outcomes.py: 8 warnings
tests/qa/test_coaching.py: 11 warnings
tests/qa/test_compliance.py: 4 warnings
tests/qa/test_concurrency.py: 17 warnings
tests/qa/test_isolation.py: 30 warnings
tests/qa/test_post_call_runtime.py: 104 warnings
tests/qa/test_sampling.py: 6 warnings
tests/qa/test_scoring.py: 3 warnings
tests/qa/test_sentiment.py: 7 warnings
tests/telephony/test_analysis_backfill.py: 124 warnings
tests/telephony/test_callback_reconciliation.py: 22 warnings
tests/telephony/test_custom_analysis.py: 25 warnings
tests/telephony/test_lead_lifecycle_callbacks.py: 68 warnings
tests/telephony/test_number_provisioning.py: 41 warnings
tests/telephony/test_outbound_environment_scope.py: 48 warnings
tests/telephony/test_post_call_pipeline.py: 75 warnings
tests/telephony/test_provider_contract.py: 1 warning
tests/telephony/test_qos.py: 2 warnings
tests/telephony/test_recording.py: 12 warnings
  /home/user/voxdesk-call-ainul-islam/voxdesk-call/.venv/lib/python3.12/site-packages/sqlalchemy/sql/schema.py:3596: DeprecationWarning: datetime.datetime.utcnow() is deprecated and scheduled for removal in a future version. Use timezone-aware objects to represent datetimes in UTC: datetime.datetime.now(datetime.UTC).
    return util.wrap_callable(lambda ctx: fn(), fn)  # type: ignore

tests/qa/test_auto_review.py: 4 warnings
tests/qa/test_calibration.py: 1 warning
tests/qa/test_call_outcomes.py: 2 warnings
tests/qa/test_coaching.py: 3 warnings
tests/qa/test_compliance.py: 2 warnings
tests/qa/test_concurrency.py: 4 warnings
tests/qa/test_isolation.py: 5 warnings
tests/qa/test_post_call_runtime.py: 22 warnings
tests/qa/test_sampling.py: 4 warnings
tests/qa/test_scoring.py: 1 warning
tests/qa/test_sentiment.py: 4 warnings
tests/telephony/test_analysis_backfill.py: 17 warnings
tests/telephony/test_callback_reconciliation.py: 6 warnings
tests/telephony/test_custom_analysis.py: 4 warnings
tests/telephony/test_lead_lifecycle_callbacks.py: 8 warnings
tests/telephony/test_number_provisioning.py: 8 warnings
tests/telephony/test_outbound_environment_scope.py: 10 warnings
tests/telephony/test_post_call_pipeline.py: 21 warnings
tests/telephony/test_provider_contract.py: 1 warning
tests/telephony/test_qos.py: 2 warnings
tests/telephony/test_recording.py: 8 warnings
  /home/user/voxdesk-call-ainul-islam/voxdesk-call/app/db/models.py:2968: DeprecationWarning: datetime.datetime.utcnow() is deprecated and scheduled for removal in a future version. Use timezone-aware objects to represent datetimes in UTC: datetime.datetime.now(datetime.UTC).
    now = datetime.utcnow()

tests/qa/test_auto_review.py: 4 warnings
tests/qa/test_calibration.py: 2 warnings
tests/qa/test_call_outcomes.py: 2 warnings
tests/qa/test_coaching.py: 4 warnings
tests/qa/test_concurrency.py: 6 warnings
tests/qa/test_isolation.py: 7 warnings
tests/qa/test_post_call_runtime.py: 5 warnings
tests/qa/test_sampling.py: 1 warning
tests/qa/test_scoring.py: 1 warning
tests/telephony/test_analysis_backfill.py: 16 warnings
tests/telephony/test_callback_reconciliation.py: 2 warnings
tests/telephony/test_custom_analysis.py: 2 warnings
tests/telephony/test_number_provisioning.py: 3 warnings
tests/telephony/test_recording.py: 2 warnings
  /home/user/voxdesk-call-ainul-islam/voxdesk-call/app/db/models.py:3023: DeprecationWarning: datetime.datetime.utcnow() is deprecated and scheduled for removal in a future version. Use timezone-aware objects to represent datetimes in UTC: datetime.datetime.now(datetime.UTC).
    now = datetime.utcnow()

tests/qa/test_isolation.py::test_other_tenant_cannot_see_a_review_scorecard_or_export
tests/qa/test_isolation.py::test_other_tenant_cannot_see_a_review_scorecard_or_export
tests/qa/test_isolation.py::test_other_tenant_cannot_see_a_review_scorecard_or_export
tests/qa/test_isolation.py::test_other_tenant_cannot_see_a_review_scorecard_or_export
tests/qa/test_isolation.py::test_other_tenant_cannot_see_a_review_scorecard_or_export
tests/qa/test_isolation.py::test_other_tenant_cannot_see_a_review_scorecard_or_export
  /home/user/voxdesk-call-ainul-islam/voxdesk-call/.venv/lib/python3.12/site-packages/pydantic/_internal/_config.py:295: PydanticDeprecatedSince20: Support for class-based `config` is deprecated, use ConfigDict instead. Deprecated in Pydantic V2.0 to be removed in V3.0. See Pydantic V2 Migration Guide at https://errors.pydantic.dev/2.10/migration/
    warnings.warn(DEPRECATION_MESSAGE, DeprecationWarning)

tests/qa/test_post_call_runtime.py: 19 warnings
tests/telephony/test_analysis_backfill.py: 16 warnings
tests/telephony/test_callback_reconciliation.py: 5 warnings
tests/telephony/test_custom_analysis.py: 2 warnings
tests/telephony/test_lead_lifecycle_callbacks.py: 8 warnings
tests/telephony/test_post_call_pipeline.py: 18 warnings
tests/telephony/test_qos.py: 2 warnings
tests/telephony/test_recording.py: 6 warnings
  /home/user/voxdesk-call-ainul-islam/voxdesk-call/tests/conftest.py:569: DeprecationWarning: datetime.datetime.utcnow() is deprecated and scheduled for removal in a future version. Use timezone-aware objects to represent datetimes in UTC: datetime.datetime.now(datetime.UTC).
    "started_at": datetime.utcnow(),

tests/telephony/test_callback_reconciliation.py: 2 warnings
tests/telephony/test_lead_lifecycle_callbacks.py: 8 warnings
tests/telephony/test_post_call_pipeline.py: 4 warnings
  /home/user/voxdesk-call-ainul-islam/voxdesk-call/app/telephony/call_state.py:261: DeprecationWarning: datetime.datetime.utcnow() is deprecated and scheduled for removal in a future version. Use timezone-aware objects to represent datetimes in UTC: datetime.datetime.now(datetime.UTC).
    call.ended_at = ended_at or datetime.utcnow()

tests/telephony/test_lead_lifecycle_callbacks.py: 12 warnings
tests/telephony/test_outbound_environment_scope.py: 10 warnings
  /home/user/voxdesk-call-ainul-islam/voxdesk-call/app/leads/models.py:25: DeprecationWarning: datetime.datetime.utcnow() is deprecated and scheduled for removal in a future version. Use timezone-aware objects to represent datetimes in UTC: datetime.datetime.now(datetime.UTC).
    return datetime.utcnow()

tests/telephony/test_outbound_environment_scope.py::test_selection_is_restricted_to_the_campaign_environment
tests/telephony/test_outbound_environment_scope.py::test_staging_campaign_selects_only_staging_leads
tests/telephony/test_outbound_environment_scope.py::test_dnc_and_attempt_cap_still_exclude_leads
tests/telephony/test_outbound_environment_scope.py::test_parallel_ticks_claim_each_lead_once
tests/telephony/test_outbound_environment_scope.py::test_parallel_ticks_claim_each_lead_once
  /home/user/voxdesk-call-ainul-islam/voxdesk-call/app/telephony/outbound.py:90: DeprecationWarning: datetime.datetime.utcnow() is deprecated and scheduled for removal in a future version. Use timezone-aware objects to represent datetimes in UTC: datetime.datetime.now(datetime.UTC).
    now = datetime.utcnow()

tests/telephony/test_outbound_environment_scope.py::test_same_environment_pair_dials
tests/telephony/test_outbound_environment_scope.py::test_parallel_ticks_claim_each_lead_once
tests/telephony/test_outbound_environment_scope.py::test_parallel_ticks_claim_each_lead_once
tests/telephony/test_outbound_environment_scope.py::test_parallel_ticks_claim_each_lead_once
tests/telephony/test_outbound_environment_scope.py::test_parallel_ticks_claim_each_lead_once
tests/telephony/test_outbound_environment_scope.py::test_parallel_ticks_claim_each_lead_once
tests/telephony/test_outbound_environment_scope.py::test_parallel_ticks_claim_each_lead_once
  /home/user/voxdesk-call-ainul-islam/voxdesk-call/app/telephony/outbound.py:251: DeprecationWarning: datetime.datetime.utcnow() is deprecated and scheduled for removal in a future version. Use timezone-aware objects to represent datetimes in UTC: datetime.datetime.now(datetime.UTC).
    now = datetime.utcnow()

tests/telephony/test_qos.py::test_valid_metrics_and_missing_metric
  tests/telephony/test_qos.py:15: PytestWarning: The test <Function test_valid_metrics_and_missing_metric> is marked with '@pytest.mark.asyncio' but it is not an async function. Please remove the asyncio mark. If the test is not marked explicitly, check for global marks applied via 'pytestmark'.
    def test_valid_metrics_and_missing_metric():

tests/telephony/test_qos.py::test_negative_and_unit_and_mos_are_rejected
  tests/telephony/test_qos.py:32: PytestWarning: The test <Function test_negative_and_unit_and_mos_are_rejected> is marked with '@pytest.mark.asyncio' but it is not an async function. Please remove the asyncio mark. If the test is not marked explicitly, check for global marks applied via 'pytestmark'.
    def test_negative_and_unit_and_mos_are_rejected():

tests/telephony/test_recording.py::test_retention_deletes_recording_unless_held
  /home/user/voxdesk-call-ainul-islam/voxdesk-call/tests/telephony/test_recording.py:148: DeprecationWarning: datetime.datetime.utcnow() is deprecated and scheduled for removal in a future version. Use timezone-aware objects to represent datetimes in UTC: datetime.datetime.now(datetime.UTC).
    call.started_at = datetime.utcnow() - timedelta(days=400)

tests/telephony/test_recording.py::test_retention_deletes_recording_unless_held
  /home/user/voxdesk-call-ainul-islam/voxdesk-call/tests/telephony/test_recording.py:160: DeprecationWarning: datetime.datetime.utcnow() is deprecated and scheduled for removal in a future version. Use timezone-aware objects to represent datetimes in UTC: datetime.datetime.now(datetime.UTC).
    call2.started_at = datetime.utcnow() - timedelta(days=400)

-- Docs: https://docs.pytest.org/en/stable/how-to/capture-warnings.html
=========================== short test summary info ============================
FAILED tests/qa/test_post_call_runtime.py::test_retry_refuses_changed_transcript_and_pins_rubric
1 failed, 140 passed, 1 skipped, 1125 warnings in 69.94s (0:01:09)
