....................................s................................... [ 50%]
........................................................................ [100%]
=============================== warnings summary ===============================
tests/qa/test_auto_review.py: 4 warnings
tests/qa/test_calibration.py: 1 warning
tests/qa/test_call_outcomes.py: 2 warnings
tests/qa/test_coaching.py: 3 warnings
tests/qa/test_compliance.py: 2 warnings
tests/qa/test_concurrency.py: 4 warnings
tests/qa/test_isolation.py: 5 warnings
tests/qa/test_post_call_runtime.py: 24 warnings
tests/qa/test_sampling.py: 4 warnings
tests/qa/test_scoring.py: 1 warning
tests/qa/test_sentiment.py: 4 warnings
tests/telephony/test_analysis_backfill.py: 17 warnings
tests/telephony/test_callback_reconciliation.py: 6 warnings
tests/telephony/test_custom_analysis.py: 4 warnings
tests/telephony/test_lead_lifecycle_callbacks.py: 8 warnings
tests/telephony/test_number_provisioning.py: 8 warnings
tests/telephony/test_outbound_environment_scope.py: 10 warnings
tests/telephony/test_post_call_pipeline.py: 21 warnings
tests/telephony/test_provider_contract.py: 1 warning
tests/telephony/test_qos.py: 2 warnings
tests/telephony/test_recording.py: 8 warnings
  /home/user/voxdesk-call-ainul-islam/voxdesk-call/app/db/models.py:2938: DeprecationWarning: datetime.datetime.utcnow() is deprecated and scheduled for removal in a future version. Use timezone-aware objects to represent datetimes in UTC: datetime.datetime.now(datetime.UTC).
    now = datetime.utcnow()

tests/qa/test_auto_review.py: 47 warnings
tests/qa/test_calibration.py: 5 warnings
tests/qa/test_call_outcomes.py: 8 warnings
tests/qa/test_coaching.py: 11 warnings
tests/qa/test_compliance.py: 4 warnings
tests/qa/test_concurrency.py: 17 warnings
tests/qa/test_isolation.py: 30 warnings
tests/qa/test_post_call_runtime.py: 110 warnings
tests/qa/test_sampling.py: 6 warnings
tests/qa/test_scoring.py: 3 warnings
tests/qa/test_sentiment.py: 7 warnings
tests/telephony/test_analysis_backfill.py: 124 warnings
tests/telephony/test_callback_reconciliation.py: 22 warnings
tests/telephony/test_custom_analysis.py: 25 warnings
tests/telephony/test_lead_lifecycle_callbacks.py: 68 warnings
tests/telephony/test_number_provisioning.py: 41 warnings
tests/telephony/test_outbound_environment_scope.py: 48 warnings
tests/telephony/test_post_call_pipeline.py: 75 warnings
tests/telephony/test_provider_contract.py: 1 warning
tests/telephony/test_qos.py: 2 warnings
tests/telephony/test_recording.py: 12 warnings
  /home/user/voxdesk-call-ainul-islam/voxdesk-call/.venv/lib/python3.12/site-packages/sqlalchemy/sql/schema.py:3596: DeprecationWarning: datetime.datetime.utcnow() is deprecated and scheduled for removal in a future version. Use timezone-aware objects to represent datetimes in UTC: datetime.datetime.now(datetime.UTC).
    return util.wrap_callable(lambda ctx: fn(), fn)  # type: ignore

tests/qa/test_auto_review.py: 4 warnings
tests/qa/test_calibration.py: 1 warning
tests/qa/test_call_outcomes.py: 2 warnings
tests/qa/test_coaching.py: 3 warnings
tests/qa/test_compliance.py: 2 warnings
tests/qa/test_concurrency.py: 4 warnings
tests/qa/test_isolation.py: 5 warnings
tests/qa/test_post_call_runtime.py: 24 warnings
tests/qa/test_sampling.py: 4 warnings
tests/qa/test_scoring.py: 1 warning
tests/qa/test_sentiment.py: 4 warnings
tests/telephony/test_analysis_backfill.py: 17 warnings
tests/telephony/test_callback_reconciliation.py: 6 warnings
tests/telephony/test_custom_analysis.py: 4 warnings
tests/telephony/test_lead_lifecycle_callbacks.py: 8 warnings
tests/telephony/test_number_provisioning.py: 8 warnings
tests/telephony/test_outbound_environment_scope.py: 10 warnings
tests/telephony/test_post_call_pipeline.py: 21 warnings
tests/telephony/test_provider_contract.py: 1 warning
tests/telephony/test_qos.py: 2 warnings
tests/telephony/test_recording.py: 8 warnings
  /home/user/voxdesk-call-ainul-islam/voxdesk-call/app/db/models.py:2968: DeprecationWarning: datetime.datetime.utcnow() is deprecated and scheduled for removal in a future version. Use timezone-aware objects to represent datetimes in UTC: datetime.datetime.now(datetime.UTC).
    now = datetime.utcnow()

tests/qa/test_auto_review.py: 4 warnings
tests/qa/test_calibration.py: 2 warnings
tests/qa/test_call_outcomes.py: 2 warnings
tests/qa/test_coaching.py: 4 warnings
tests/qa/test_concurrency.py: 6 warnings
tests/qa/test_isolation.py: 7 warnings
tests/qa/test_post_call_runtime.py: 5 warnings
tests/qa/test_sampling.py: 1 warning
tests/qa/test_scoring.py: 1 warning
tests/telephony/test_analysis_backfill.py: 16 warnings
tests/telephony/test_callback_reconciliation.py: 2 warnings
tests/telephony/test_custom_analysis.py: 2 warnings
tests/telephony/test_number_provisioning.py: 3 warnings
tests/telephony/test_recording.py: 2 warnings
  /home/user/voxdesk-call-ainul-islam/voxdesk-call/app/db/models.py:3023: DeprecationWarning: datetime.datetime.utcnow() is deprecated and scheduled for removal in a future version. Use timezone-aware objects to represent datetimes in UTC: datetime.datetime.now(datetime.UTC).
    now = datetime.utcnow()

tests/qa/test_isolation.py::test_other_tenant_cannot_see_a_review_scorecard_or_export
tests/qa/test_isolation.py::test_other_tenant_cannot_see_a_review_scorecard_or_export
tests/qa/test_isolation.py::test_other_tenant_cannot_see_a_review_scorecard_or_export
tests/qa/test_isolation.py::test_other_tenant_cannot_see_a_review_scorecard_or_export
tests/qa/test_isolation.py::test_other_tenant_cannot_see_a_review_scorecard_or_export
tests/qa/test_isolation.py::test_other_tenant_cannot_see_a_review_scorecard_or_export
  /home/user/voxdesk-call-ainul-islam/voxdesk-call/.venv/lib/python3.12/site-packages/pydantic/_internal/_config.py:295: PydanticDeprecatedSince20: Support for class-based `config` is deprecated, use ConfigDict instead. Deprecated in Pydantic V2.0 to be removed in V3.0. See Pydantic V2 Migration Guide at https://errors.pydantic.dev/2.10/migration/
    warnings.warn(DEPRECATION_MESSAGE, DeprecationWarning)

tests/qa/test_post_call_runtime.py: 21 warnings
tests/telephony/test_analysis_backfill.py: 16 warnings
tests/telephony/test_callback_reconciliation.py: 5 warnings
tests/telephony/test_custom_analysis.py: 2 warnings
tests/telephony/test_lead_lifecycle_callbacks.py: 8 warnings
tests/telephony/test_post_call_pipeline.py: 18 warnings
tests/telephony/test_qos.py: 2 warnings
tests/telephony/test_recording.py: 6 warnings
  /home/user/voxdesk-call-ainul-islam/voxdesk-call/tests/conftest.py:569: DeprecationWarning: datetime.datetime.utcnow() is deprecated and scheduled for removal in a future version. Use timezone-aware objects to represent datetimes in UTC: datetime.datetime.now(datetime.UTC).
    "started_at": datetime.utcnow(),

tests/telephony/test_callback_reconciliation.py: 2 warnings
tests/telephony/test_lead_lifecycle_callbacks.py: 8 warnings
tests/telephony/test_post_call_pipeline.py: 4 warnings
  /home/user/voxdesk-call-ainul-islam/voxdesk-call/app/telephony/call_state.py:261: DeprecationWarning: datetime.datetime.utcnow() is deprecated and scheduled for removal in a future version. Use timezone-aware objects to represent datetimes in UTC: datetime.datetime.now(datetime.UTC).
    call.ended_at = ended_at or datetime.utcnow()

tests/telephony/test_lead_lifecycle_callbacks.py: 12 warnings
tests/telephony/test_outbound_environment_scope.py: 10 warnings
  /home/user/voxdesk-call-ainul-islam/voxdesk-call/app/leads/models.py:25: DeprecationWarning: datetime.datetime.utcnow() is deprecated and scheduled for removal in a future version. Use timezone-aware objects to represent datetimes in UTC: datetime.datetime.now(datetime.UTC).
    return datetime.utcnow()

tests/telephony/test_outbound_environment_scope.py::test_selection_is_restricted_to_the_campaign_environment
tests/telephony/test_outbound_environment_scope.py::test_staging_campaign_selects_only_staging_leads
tests/telephony/test_outbound_environment_scope.py::test_dnc_and_attempt_cap_still_exclude_leads
tests/telephony/test_outbound_environment_scope.py::test_parallel_ticks_claim_each_lead_once
tests/telephony/test_outbound_environment_scope.py::test_parallel_ticks_claim_each_lead_once
  /home/user/voxdesk-call-ainul-islam/voxdesk-call/app/telephony/outbound.py:90: DeprecationWarning: datetime.datetime.utcnow() is deprecated and scheduled for removal in a future version. Use timezone-aware objects to represent datetimes in UTC: datetime.datetime.now(datetime.UTC).
    now = datetime.utcnow()

tests/telephony/test_outbound_environment_scope.py::test_same_environment_pair_dials
tests/telephony/test_outbound_environment_scope.py::test_parallel_ticks_claim_each_lead_once
tests/telephony/test_outbound_environment_scope.py::test_parallel_ticks_claim_each_lead_once
tests/telephony/test_outbound_environment_scope.py::test_parallel_ticks_claim_each_lead_once
tests/telephony/test_outbound_environment_scope.py::test_parallel_ticks_claim_each_lead_once
tests/telephony/test_outbound_environment_scope.py::test_parallel_ticks_claim_each_lead_once
tests/telephony/test_outbound_environment_scope.py::test_parallel_ticks_claim_each_lead_once
  /home/user/voxdesk-call-ainul-islam/voxdesk-call/app/telephony/outbound.py:251: DeprecationWarning: datetime.datetime.utcnow() is deprecated and scheduled for removal in a future version. Use timezone-aware objects to represent datetimes in UTC: datetime.datetime.now(datetime.UTC).
    now = datetime.utcnow()

tests/telephony/test_qos.py::test_valid_metrics_and_missing_metric
  tests/telephony/test_qos.py:15: PytestWarning: The test <Function test_valid_metrics_and_missing_metric> is marked with '@pytest.mark.asyncio' but it is not an async function. Please remove the asyncio mark. If the test is not marked explicitly, check for global marks applied via 'pytestmark'.
    def test_valid_metrics_and_missing_metric():

tests/telephony/test_qos.py::test_negative_and_unit_and_mos_are_rejected
  tests/telephony/test_qos.py:32: PytestWarning: The test <Function test_negative_and_unit_and_mos_are_rejected> is marked with '@pytest.mark.asyncio' but it is not an async function. Please remove the asyncio mark. If the test is not marked explicitly, check for global marks applied via 'pytestmark'.
    def test_negative_and_unit_and_mos_are_rejected():

tests/telephony/test_recording.py::test_retention_deletes_recording_unless_held
  /home/user/voxdesk-call-ainul-islam/voxdesk-call/tests/telephony/test_recording.py:148: DeprecationWarning: datetime.datetime.utcnow() is deprecated and scheduled for removal in a future version. Use timezone-aware objects to represent datetimes in UTC: datetime.datetime.now(datetime.UTC).
    call.started_at = datetime.utcnow() - timedelta(days=400)

tests/telephony/test_recording.py::test_retention_deletes_recording_unless_held
  /home/user/voxdesk-call-ainul-islam/voxdesk-call/tests/telephony/test_recording.py:160: DeprecationWarning: datetime.datetime.utcnow() is deprecated and scheduled for removal in a future version. Use timezone-aware objects to represent datetimes in UTC: datetime.datetime.now(datetime.UTC).
    call2.started_at = datetime.utcnow() - timedelta(days=400)

-- Docs: https://docs.pytest.org/en/stable/how-to/capture-warnings.html
143 passed, 1 skipped, 1137 warnings in 67.73s (0:01:07)
