{
  "dashboard/src/pages/product/answering-service/AnsweringServiceAnalytics.tsx": 1,
  "dashboard/src/pages/product/answering-service/AnsweringServiceBooking.tsx": 1,
  "dashboard/src/pages/product/answering-service/AnsweringServiceCRM.tsx": 1,
  "dashboard/src/pages/product/answering-service/AnsweringServiceCTA.tsx": 1,
  "dashboard/src/pages/product/answering-service/AnsweringServiceCapabilities.tsx": 1,
  "dashboard/src/pages/product/answering-service/AnsweringServiceCustomVoice.tsx": 1,
  "dashboard/src/pages/product/answering-service/AnsweringServiceDeveloper.tsx": 1,
  "dashboard/src/pages/product/answering-service/AnsweringServiceFAQ.tsx": 1,
  "dashboard/src/pages/product/answering-service/AnsweringServiceHero.tsx": 1,
  "dashboard/src/pages/product/answering-service/AnsweringServiceLifecycle.tsx": 1,
  "dashboard/src/pages/product/answering-service/AnsweringServiceRouting.tsx": 1,
  "dashboard/src/pages/product/answering-service/AnsweringServiceSecurity.tsx": 1,
  "dashboard/src/pages/product/appointment-setter/AppointmentSetterAnalytics.tsx": 1,
  "dashboard/src/pages/product/appointment-setter/AppointmentSetterBooking.tsx": 1,
  "dashboard/src/pages/product/appointment-setter/AppointmentSetterCTA.tsx": 1,
  "dashboard/src/pages/product/appointment-setter/AppointmentSetterCapabilities.tsx": 1,
  "dashboard/src/pages/product/appointment-setter/AppointmentSetterDeveloper.tsx": 1,
  "dashboard/src/pages/product/appointment-setter/AppointmentSetterFAQ.tsx": 1,
  "dashboard/src/pages/product/appointment-setter/AppointmentSetterHero.tsx": 1,
  "dashboard/src/pages/product/appointment-setter/AppointmentSetterHowItWorks.tsx": 1,
  "dashboard/src/pages/product/appointment-setter/AppointmentSetterLifecycle.tsx": 1,
  "dashboard/src/pages/product/appointment-setter/AppointmentSetterQualification.tsx": 1,
  "dashboard/src/pages/product/appointment-setter/AppointmentSetterReminders.tsx": 1,
  "dashboard/src/pages/product/appointment-setter/AppointmentSetterReschedule.tsx": 1,
  "dashboard/src/pages/product/appointment-setter/AppointmentSetterSecurity.tsx": 1,
  "dashboard/src/pages/product/customer-service/CustomerServiceAnalytics.tsx": 2,
  "dashboard/src/pages/product/customer-service/CustomerServiceHandoff.tsx": 1,
  "dashboard/src/pages/product/customer-service/CustomerServiceHero.tsx": 1,
  "dashboard/src/pages/product/customer-service/CustomerServiceKnowledge.tsx": 2,
  "dashboard/src/tests/use-case-detail.test.tsx": 1,
  "dashboard/src/types/use-case-filter.ts": 2,
  "dashboard/src/types/use-case.ts": 5
}
