{
  "dashboard/src/api/agent-test.ts": 835,
  "dashboard/src/pages/industries/IndustriesBenefits.tsx": 1,
  "dashboard/src/pages/industries/IndustriesCTA.tsx": 1,
  "dashboard/src/pages/industries/IndustriesGrid.tsx": 1,
  "dashboard/src/pages/industries/IndustriesHero.tsx": 1,
  "dashboard/src/pages/industries/IndustryCard.tsx": 1,
  "dashboard/src/pages/product/telemarketing/TelemarketingAnalytics.tsx": 1,
  "dashboard/src/pages/product/telemarketing/TelemarketingCRM.tsx": 1,
  "dashboard/src/pages/product/telemarketing/TelemarketingCampaigns.tsx": 1,
  "dashboard/src/pages/product/telemarketing/TelemarketingDeveloper.tsx": 1,
  "dashboard/src/pages/product/telemarketing/TelemarketingFAQ.tsx": 1,
  "dashboard/src/pages/product/telemarketing/TelemarketingFollowUp.tsx": 1,
  "dashboard/src/pages/product/telemarketing/TelemarketingLifecycle.tsx": 1,
  "dashboard/src/pages/product/telemarketing/TelemarketingQualification.tsx": 1,
  "dashboard/src/pages/product/telemarketing/TelemarketingScheduling.tsx": 1,
  "dashboard/src/pages/product/telemarketing/TelemarketingSecurity.tsx": 1,
  "dashboard/src/tests/use-case-detail.test.tsx": 308,
  "dashboard/src/types/agent-test.ts": 592
}
