........................................................................ [ 20%]
........................................................................ [ 40%]
........................................................................ [ 60%]
........................................................................ [ 80%]
......................................................................   [100%]
=============================== warnings summary ===============================
tests/test_crm_contract.py: 10 warnings
  /home/user/voxdesk-call-ainul-islam/voxdesk-call/tests/test_crm_contract.py:157: DeprecationWarning: datetime.datetime.utcnow() is deprecated and scheduled for removal in a future version. Use timezone-aware objects to represent datetimes in UTC: datetime.datetime.now(datetime.UTC).
    now = datetime.utcnow()

tests/test_crm_credentials.py: 2 warnings
tests/test_crm_idempotency.py: 19 warnings
tests/test_crm_tenant_isolation.py: 32 warnings
tests/test_crm_wiring.py: 51 warnings
tests/telephony/test_post_call_pipeline.py: 21 warnings
  /home/user/voxdesk-call-ainul-islam/voxdesk-call/app/db/models.py:2938: DeprecationWarning: datetime.datetime.utcnow() is deprecated and scheduled for removal in a future version. Use timezone-aware objects to represent datetimes in UTC: datetime.datetime.now(datetime.UTC).
    now = datetime.utcnow()

tests/test_crm_credentials.py: 6 warnings
tests/test_crm_idempotency.py: 193 warnings
tests/test_crm_tenant_isolation.py: 156 warnings
tests/test_crm_wiring.py: 277 warnings
tests/telephony/test_post_call_pipeline.py: 75 warnings
  /home/user/voxdesk-call-ainul-islam/voxdesk-call/.venv/lib/python3.12/site-packages/sqlalchemy/sql/schema.py:3596: DeprecationWarning: datetime.datetime.utcnow() is deprecated and scheduled for removal in a future version. Use timezone-aware objects to represent datetimes in UTC: datetime.datetime.now(datetime.UTC).
    return util.wrap_callable(lambda ctx: fn(), fn)  # type: ignore

tests/test_crm_credentials.py: 2 warnings
tests/test_crm_idempotency.py: 19 warnings
tests/test_crm_tenant_isolation.py: 32 warnings
tests/test_crm_wiring.py: 51 warnings
tests/telephony/test_post_call_pipeline.py: 21 warnings
  /home/user/voxdesk-call-ainul-islam/voxdesk-call/app/db/models.py:2968: DeprecationWarning: datetime.datetime.utcnow() is deprecated and scheduled for removal in a future version. Use timezone-aware objects to represent datetimes in UTC: datetime.datetime.now(datetime.UTC).
    now = datetime.utcnow()

tests/test_crm_credentials.py: 2 warnings
tests/test_crm_idempotency.py: 18 warnings
tests/test_crm_tenant_isolation.py: 22 warnings
tests/test_crm_wiring.py: 25 warnings
  /home/user/voxdesk-call-ainul-islam/voxdesk-call/tests/conftest.py:550: DeprecationWarning: datetime.datetime.utcnow() is deprecated and scheduled for removal in a future version. Use timezone-aware objects to represent datetimes in UTC: datetime.datetime.now(datetime.UTC).
    integration.credentials_updated_at = datetime.utcnow()

tests/test_crm_idempotency.py: 18 warnings
tests/test_crm_tenant_isolation.py: 4 warnings
tests/test_crm_wiring.py: 15 warnings
tests/telephony/test_post_call_pipeline.py: 18 warnings
  /home/user/voxdesk-call-ainul-islam/voxdesk-call/tests/conftest.py:569: DeprecationWarning: datetime.datetime.utcnow() is deprecated and scheduled for removal in a future version. Use timezone-aware objects to represent datetimes in UTC: datetime.datetime.now(datetime.UTC).
    "started_at": datetime.utcnow(),

tests/test_crm_idempotency.py: 7 warnings
tests/test_crm_wiring.py: 5 warnings
  /home/user/voxdesk-call-ainul-islam/voxdesk-call/app/integrations/crm/service.py:786: DeprecationWarning: datetime.datetime.utcnow() is deprecated and scheduled for removal in a future version. Use timezone-aware objects to represent datetimes in UTC: datetime.datetime.now(datetime.UTC).
    cutoff = datetime.utcnow() - timedelta(minutes=older_than_minutes)

tests/test_crm_idempotency.py: 7 warnings
tests/test_crm_wiring.py: 5 warnings
  /home/user/voxdesk-call-ainul-islam/voxdesk-call/app/integrations/crm/service.py:797: DeprecationWarning: datetime.datetime.utcnow() is deprecated and scheduled for removal in a future version. Use timezone-aware objects to represent datetimes in UTC: datetime.datetime.now(datetime.UTC).
    next_attempt_at=datetime.utcnow(),

tests/test_crm_idempotency.py: 8 warnings
tests/test_crm_wiring.py: 5 warnings
  /home/user/voxdesk-call-ainul-islam/voxdesk-call/app/integrations/crm/service.py:755: DeprecationWarning: datetime.datetime.utcnow() is deprecated and scheduled for removal in a future version. Use timezone-aware objects to represent datetimes in UTC: datetime.datetime.now(datetime.UTC).
    moment = now or datetime.utcnow()

tests/test_crm_idempotency.py: 18 warnings
tests/test_crm_wiring.py: 5 warnings
  /home/user/voxdesk-call-ainul-islam/voxdesk-call/app/integrations/crm/service.py:284: DeprecationWarning: datetime.datetime.utcnow() is deprecated and scheduled for removal in a future version. Use timezone-aware objects to represent datetimes in UTC: datetime.datetime.now(datetime.UTC).
    now = datetime.utcnow()

tests/test_crm_idempotency.py: 8 warnings
tests/test_crm_wiring.py: 2 warnings
  /home/user/voxdesk-call-ainul-islam/voxdesk-call/app/integrations/crm/service.py:610: DeprecationWarning: datetime.datetime.utcnow() is deprecated and scheduled for removal in a future version. Use timezone-aware objects to represent datetimes in UTC: datetime.datetime.now(datetime.UTC).
    sync.synced_at = datetime.utcnow()

tests/test_crm_idempotency.py::test_a_provider_timeout_after_acceptance_does_not_duplicate
tests/test_crm_idempotency.py::test_a_500_schedules_a_retry_and_keeps_the_sync_recoverable
tests/test_crm_idempotency.py::test_repeated_transient_failures_eventually_give_up
tests/test_crm_idempotency.py::test_repeated_transient_failures_eventually_give_up
tests/test_crm_idempotency.py::test_a_429_reads_retry_after
tests/test_crm_idempotency.py::test_an_absurd_retry_after_is_capped
tests/test_crm_idempotency.py::test_a_garbage_retry_after_falls_back_to_our_own_backoff
tests/test_crm_wiring.py::TestStructuredLogging::test_a_failed_sync_logs_an_error_code_and_no_secret
  /home/user/voxdesk-call-ainul-islam/voxdesk-call/app/integrations/crm/service.py:640: DeprecationWarning: datetime.datetime.utcnow() is deprecated and scheduled for removal in a future version. Use timezone-aware objects to represent datetimes in UTC: datetime.datetime.now(datetime.UTC).
    sync.next_attempt_at = datetime.utcnow() + timedelta(seconds=delay)

tests/test_crm_idempotency.py::test_a_second_call_from_the_same_number_updates_the_same_contact
  /home/user/voxdesk-call-ainul-islam/voxdesk-call/app/integrations/crm/service.py:195: DeprecationWarning: datetime.datetime.utcnow() is deprecated and scheduled for removal in a future version. Use timezone-aware objects to represent datetimes in UTC: datetime.datetime.now(datetime.UTC).
    existing.last_seen_at = datetime.utcnow()

tests/test_crm_idempotency.py::test_a_worker_restart_mid_flight_is_safe
  /home/user/voxdesk-call-ainul-islam/voxdesk-call/tests/test_crm_idempotency.py:300: DeprecationWarning: datetime.datetime.utcnow() is deprecated and scheduled for removal in a future version. Use timezone-aware objects to represent datetimes in UTC: datetime.datetime.now(datetime.UTC).
    sync.last_attempt_at = datetime.utcnow() - timedelta(hours=1)

tests/test_crm_idempotency.py::test_a_429_reads_retry_after
  /home/user/voxdesk-call-ainul-islam/voxdesk-call/tests/test_crm_idempotency.py:498: DeprecationWarning: datetime.datetime.utcnow() is deprecated and scheduled for removal in a future version. Use timezone-aware objects to represent datetimes in UTC: datetime.datetime.now(datetime.UTC).
    before = datetime.utcnow()

tests/test_crm_idempotency.py::test_an_absurd_retry_after_is_capped
  /home/user/voxdesk-call-ainul-islam/voxdesk-call/tests/test_crm_idempotency.py:512: DeprecationWarning: datetime.datetime.utcnow() is deprecated and scheduled for removal in a future version. Use timezone-aware objects to represent datetimes in UTC: datetime.datetime.now(datetime.UTC).
    before = datetime.utcnow()

tests/test_crm_idempotency.py::test_a_throttled_sync_is_rescheduled_not_failed
  /home/user/voxdesk-call-ainul-islam/voxdesk-call/app/integrations/crm/service.py:263: DeprecationWarning: datetime.datetime.utcnow() is deprecated and scheduled for removal in a future version. Use timezone-aware objects to represent datetimes in UTC: datetime.datetime.now(datetime.UTC).
    sync.next_attempt_at = datetime.utcnow() + timedelta(seconds=max(delay, 1.0))

tests/test_crm_tenant_isolation.py::test_tenant_b_cannot_read_tenant_a_integration
tests/test_crm_tenant_isolation.py::test_tenant_b_cannot_read_tenant_a_integration
tests/test_crm_tenant_isolation.py::test_tenant_b_cannot_read_tenant_a_integration
tests/test_crm_tenant_isolation.py::test_tenant_b_cannot_read_tenant_a_integration
tests/test_crm_tenant_isolation.py::test_tenant_b_cannot_read_tenant_a_integration
tests/test_crm_tenant_isolation.py::test_tenant_b_cannot_read_tenant_a_integration
  /home/user/voxdesk-call-ainul-islam/voxdesk-call/.venv/lib/python3.12/site-packages/pydantic/_internal/_config.py:295: PydanticDeprecatedSince20: Support for class-based `config` is deprecated, use ConfigDict instead. Deprecated in Pydantic V2.0 to be removed in V3.0. See Pydantic V2 Migration Guide at https://errors.pydantic.dev/2.10/migration/
    warnings.warn(DEPRECATION_MESSAGE, DeprecationWarning)

tests/test_crm_tenant_isolation.py: 16 warnings
tests/test_crm_wiring.py: 20 warnings
  /home/user/voxdesk-call-ainul-islam/voxdesk-call/app/db/models.py:3023: DeprecationWarning: datetime.datetime.utcnow() is deprecated and scheduled for removal in a future version. Use timezone-aware objects to represent datetimes in UTC: datetime.datetime.now(datetime.UTC).
    now = datetime.utcnow()

tests/test_crm_tenant_isolation.py::test_tenant_b_cannot_modify_tenant_a_integration
tests/test_crm_tenant_isolation.py::test_a_tenant_id_in_the_body_is_ignored
tests/test_crm_tenant_isolation.py::test_connecting_an_integration_writes_no_secret_to_the_audit_log
tests/test_crm_tenant_isolation.py::test_no_secret_reaches_the_structured_log
tests/test_crm_wiring.py::TestIntegrationApi::test_connecting_a_provider
tests/test_crm_wiring.py::TestIntegrationApi::test_updating_without_credentials_keeps_the_existing_token
tests/test_crm_wiring.py::TestIntegrationApi::test_an_unknown_credential_field_is_rejected
tests/test_crm_wiring.py::TestIntegrationApi::test_a_webhook_gets_a_generated_signing_secret
  /home/user/voxdesk-call-ainul-islam/voxdesk-call/app/api/integration_routes.py:395: DeprecationWarning: datetime.datetime.utcnow() is deprecated and scheduled for removal in a future version. Use timezone-aware objects to represent datetimes in UTC: datetime.datetime.now(datetime.UTC).
    integration.updated_at = datetime.utcnow()

tests/test_crm_tenant_isolation.py::test_connecting_an_integration_writes_no_secret_to_the_audit_log
tests/test_crm_tenant_isolation.py::test_no_secret_reaches_the_structured_log
tests/test_crm_wiring.py::TestIntegrationApi::test_connecting_a_provider
tests/test_crm_wiring.py::TestIntegrationApi::test_a_webhook_gets_a_generated_signing_secret
  /home/user/voxdesk-call-ainul-islam/voxdesk-call/app/api/integration_routes.py:487: DeprecationWarning: datetime.datetime.utcnow() is deprecated and scheduled for removal in a future version. Use timezone-aware objects to represent datetimes in UTC: datetime.datetime.now(datetime.UTC).
    integration.credentials_updated_at = datetime.utcnow()

tests/test_crm_wiring.py::TestLeadWiring::test_bulk_import_emits_one_event_per_lead
tests/test_crm_wiring.py::TestLeadWiring::test_bulk_import_emits_one_event_per_lead
tests/test_crm_wiring.py::TestLeadWiring::test_bulk_import_emits_one_event_per_lead
  /home/user/voxdesk-call-ainul-islam/voxdesk-call/app/leads/models.py:25: DeprecationWarning: datetime.datetime.utcnow() is deprecated and scheduled for removal in a future version. Use timezone-aware objects to represent datetimes in UTC: datetime.datetime.now(datetime.UTC).
    return datetime.utcnow()

tests/test_crm_wiring.py::TestAppointmentWiring::test_booking_emits
tests/test_crm_wiring.py::TestAppointmentWiring::test_cancellation_emits
tests/test_crm_wiring.py::TestAppointmentWiring::test_a_duplicate_booking_event_is_safe
tests/test_crm_wiring.py::TestAppointmentWiring::test_rescheduling_produces_a_distinct_event
tests/test_crm_wiring.py::TestAppointmentWiring::test_a_provider_without_a_calendar_is_skipped_cleanly
  /home/user/voxdesk-call-ainul-islam/voxdesk-call/tests/conftest.py:606: DeprecationWarning: datetime.datetime.utcnow() is deprecated and scheduled for removal in a future version. Use timezone-aware objects to represent datetimes in UTC: datetime.datetime.now(datetime.UTC).
    starts = datetime.utcnow() + timedelta(days=1)

tests/test_crm_wiring.py::TestHealthCheck::test_a_working_connection_reports_connected
tests/test_crm_wiring.py::TestHealthCheck::test_a_bad_token_reports_a_diagnosis_not_a_500
tests/test_crm_wiring.py::TestHealthCheck::test_a_health_check_records_its_result
tests/test_crm_wiring.py::TestHealthCheck::test_a_timeout_reports_cleanly
  /home/user/voxdesk-call-ainul-islam/voxdesk-call/app/integrations/crm/service.py:728: DeprecationWarning: datetime.datetime.utcnow() is deprecated and scheduled for removal in a future version. Use timezone-aware objects to represent datetimes in UTC: datetime.datetime.now(datetime.UTC).
    integration.last_health_check_at = datetime.utcnow()

tests/test_crm_wiring.py::TestInboundWebhooks::test_receipts_can_be_pruned
  /home/user/voxdesk-call-ainul-islam/voxdesk-call/tests/test_crm_wiring.py:870: DeprecationWarning: datetime.datetime.utcnow() is deprecated and scheduled for removal in a future version. Use timezone-aware objects to represent datetimes in UTC: datetime.datetime.now(datetime.UTC).
    provider_event_id="old", received_at=datetime.utcnow() - timedelta(days=90),

tests/test_crm_wiring.py::TestInboundWebhooks::test_receipts_can_be_pruned
  /home/user/voxdesk-call-ainul-islam/voxdesk-call/app/api/crm_webhook_routes.py:308: DeprecationWarning: datetime.datetime.utcnow() is deprecated and scheduled for removal in a future version. Use timezone-aware objects to represent datetimes in UTC: datetime.datetime.now(datetime.UTC).
    cutoff = datetime.utcnow() - timedelta(days=older_than_days)

tests/telephony/test_post_call_pipeline.py::test_terminal_transition_enqueues_once_in_same_transaction
tests/telephony/test_post_call_pipeline.py::test_enqueue_failure_rolls_back_terminal_fact
tests/telephony/test_post_call_pipeline.py::test_real_worker_governed_http_persists_output_and_usage
tests/telephony/test_post_call_pipeline.py::test_real_status_callback_admits_job
  /home/user/voxdesk-call-ainul-islam/voxdesk-call/app/telephony/call_state.py:261: DeprecationWarning: datetime.datetime.utcnow() is deprecated and scheduled for removal in a future version. Use timezone-aware objects to represent datetimes in UTC: datetime.datetime.now(datetime.UTC).
    call.ended_at = ended_at or datetime.utcnow()

-- Docs: https://docs.pytest.org/en/stable/how-to/capture-warnings.html
358 passed, 1244 warnings in 74.17s (0:01:14)
