........................................................................ [ 40%]
........................................................................ [ 80%]
..................................                                       [100%]
=============================== warnings summary ===============================
tests/webhooks/test_call_event_bridge.py: 28 warnings
tests/webhooks/test_webhook_isolation.py: 16 warnings
tests/webhooks/test_webhook_lifecycle_real.py: 2 warnings
tests/outbox/test_delivery.py: 1 warning
tests/outbox/test_isolation.py: 2 warnings
tests/operations/test_notification_webhook_email.py: 8 warnings
tests/test_call_callbacks.py: 16 warnings
tests/test_transfer.py: 28 warnings
tests/telephony/test_lead_lifecycle_callbacks.py: 8 warnings
  /home/user/voxdesk-call-ainul-islam/voxdesk-call/app/db/models.py:2938: DeprecationWarning: datetime.datetime.utcnow() is deprecated and scheduled for removal in a future version. Use timezone-aware objects to represent datetimes in UTC: datetime.datetime.now(datetime.UTC).
    now = datetime.utcnow()

tests/webhooks/test_call_event_bridge.py: 85 warnings
tests/webhooks/test_webhook_isolation.py: 32 warnings
tests/webhooks/test_webhook_lifecycle_real.py: 17 warnings
tests/outbox/test_delivery.py: 5 warnings
tests/outbox/test_isolation.py: 6 warnings
tests/operations/test_notification_webhook_email.py: 21 warnings
tests/test_call_callbacks.py: 92 warnings
tests/test_transfer.py: 74 warnings
tests/telephony/test_lead_lifecycle_callbacks.py: 60 warnings
  /home/user/voxdesk-call-ainul-islam/voxdesk-call/.venv/lib/python3.12/site-packages/sqlalchemy/sql/schema.py:3596: DeprecationWarning: datetime.datetime.utcnow() is deprecated and scheduled for removal in a future version. Use timezone-aware objects to represent datetimes in UTC: datetime.datetime.now(datetime.UTC).
    return util.wrap_callable(lambda ctx: fn(), fn)  # type: ignore

tests/webhooks/test_call_event_bridge.py: 28 warnings
tests/webhooks/test_webhook_isolation.py: 16 warnings
tests/webhooks/test_webhook_lifecycle_real.py: 2 warnings
tests/outbox/test_delivery.py: 1 warning
tests/outbox/test_isolation.py: 2 warnings
tests/operations/test_notification_webhook_email.py: 8 warnings
tests/test_call_callbacks.py: 16 warnings
tests/test_transfer.py: 28 warnings
tests/telephony/test_lead_lifecycle_callbacks.py: 8 warnings
  /home/user/voxdesk-call-ainul-islam/voxdesk-call/app/db/models.py:2968: DeprecationWarning: datetime.datetime.utcnow() is deprecated and scheduled for removal in a future version. Use timezone-aware objects to represent datetimes in UTC: datetime.datetime.now(datetime.UTC).
    now = datetime.utcnow()

tests/webhooks/test_call_event_bridge.py: 25 warnings
tests/webhooks/test_webhook_lifecycle_real.py: 2 warnings
tests/operations/test_notification_webhook_email.py: 1 warning
tests/telephony/test_lead_lifecycle_callbacks.py: 8 warnings
  /home/user/voxdesk-call-ainul-islam/voxdesk-call/tests/conftest.py:569: DeprecationWarning: datetime.datetime.utcnow() is deprecated and scheduled for removal in a future version. Use timezone-aware objects to represent datetimes in UTC: datetime.datetime.now(datetime.UTC).
    "started_at": datetime.utcnow(),

tests/webhooks/test_call_event_bridge.py: 4 warnings
tests/webhooks/test_webhook_lifecycle_real.py: 1 warning
tests/test_call_state.py: 13 warnings
tests/test_call_callbacks.py: 11 warnings
tests/telephony/test_lead_lifecycle_callbacks.py: 8 warnings
  /home/user/voxdesk-call-ainul-islam/voxdesk-call/app/telephony/call_state.py:261: DeprecationWarning: datetime.datetime.utcnow() is deprecated and scheduled for removal in a future version. Use timezone-aware objects to represent datetimes in UTC: datetime.datetime.now(datetime.UTC).
    call.ended_at = ended_at or datetime.utcnow()

tests/webhooks/test_call_event_bridge.py::test_real_status_route_is_replay_safe
tests/webhooks/test_call_event_bridge.py::test_real_status_route_is_replay_safe
tests/webhooks/test_call_event_bridge.py::test_real_status_route_is_replay_safe
tests/webhooks/test_call_event_bridge.py::test_real_status_route_is_replay_safe
tests/webhooks/test_call_event_bridge.py::test_real_status_route_is_replay_safe
tests/webhooks/test_call_event_bridge.py::test_real_status_route_is_replay_safe
  /home/user/voxdesk-call-ainul-islam/voxdesk-call/.venv/lib/python3.12/site-packages/pydantic/_internal/_config.py:295: PydanticDeprecatedSince20: Support for class-based `config` is deprecated, use ConfigDict instead. Deprecated in Pydantic V2.0 to be removed in V3.0. See Pydantic V2 Migration Guide at https://errors.pydantic.dev/2.10/migration/
    warnings.warn(DEPRECATION_MESSAGE, DeprecationWarning)

tests/webhooks/test_call_event_bridge.py: 1 warning
tests/test_call_callbacks.py: 4 warnings
tests/test_transfer.py: 7 warnings
  /home/user/voxdesk-call-ainul-islam/voxdesk-call/app/telephony/transfer_service.py:469: DeprecationWarning: datetime.datetime.utcnow() is deprecated and scheduled for removal in a future version. Use timezone-aware objects to represent datetimes in UTC: datetime.datetime.now(datetime.UTC).
    call.transfer_failed_at = datetime.utcnow()

tests/operations/test_notification_webhook_email.py::test_notification_replay_keeps_tenant_and_environment
  /home/user/voxdesk-call-ainul-islam/voxdesk-call/app/db/models.py:3023: DeprecationWarning: datetime.datetime.utcnow() is deprecated and scheduled for removal in a future version. Use timezone-aware objects to represent datetimes in UTC: datetime.datetime.now(datetime.UTC).
    now = datetime.utcnow()

tests/test_call_state.py: 27 warnings
  /home/user/voxdesk-call-ainul-islam/voxdesk-call/tests/test_call_state.py:27: DeprecationWarning: datetime.datetime.utcnow() is deprecated and scheduled for removal in a future version. Use timezone-aware objects to represent datetimes in UTC: datetime.datetime.now(datetime.UTC).
    started_at=datetime.utcnow(),

tests/test_call_state.py::test_ended_at_can_be_supplied_explicitly
  /home/user/voxdesk-call-ainul-islam/voxdesk-call/tests/test_call_state.py:132: DeprecationWarning: datetime.datetime.utcnow() is deprecated and scheduled for removal in a future version. Use timezone-aware objects to represent datetimes in UTC: datetime.datetime.now(datetime.UTC).
    when = datetime.utcnow() - timedelta(minutes=5)

tests/test_call_callbacks.py: 16 warnings
tests/test_transfer.py: 26 warnings
  /home/user/voxdesk-call-ainul-islam/voxdesk-call/tests/test_transfer.py:43: DeprecationWarning: datetime.datetime.utcnow() is deprecated and scheduled for removal in a future version. Use timezone-aware objects to represent datetimes in UTC: datetime.datetime.now(datetime.UTC).
    started_at=datetime.utcnow(),

tests/test_call_callbacks.py: 6 warnings
tests/test_transfer.py: 19 warnings
  /home/user/voxdesk-call-ainul-islam/voxdesk-call/app/telephony/transfer_service.py:288: DeprecationWarning: datetime.datetime.utcnow() is deprecated and scheduled for removal in a future version. Use timezone-aware objects to represent datetimes in UTC: datetime.datetime.now(datetime.UTC).
    now = datetime.utcnow()

tests/test_call_callbacks.py: 6 warnings
tests/test_transfer.py: 15 warnings
  /home/user/voxdesk-call-ainul-islam/voxdesk-call/app/telephony/transfer_service.py:340: DeprecationWarning: datetime.datetime.utcnow() is deprecated and scheduled for removal in a future version. Use timezone-aware objects to represent datetimes in UTC: datetime.datetime.now(datetime.UTC).
    call.transfer_started_at = datetime.utcnow()

tests/test_call_callbacks.py::test_case_a_transfer_then_stream_close_then_completed_then_dial_callback
tests/test_call_callbacks.py::test_case_b_dial_callback_then_completed
tests/test_call_callbacks.py::test_case_d_duplicate_completed_callbacks
tests/test_transfer.py::test_already_connected_call_reports_completed_not_a_new_transfer
tests/test_transfer.py::test_connected_callback_records_the_connection
tests/test_transfer.py::test_duplicate_connected_callback_changes_nothing
tests/test_transfer.py::test_failure_callback_after_connection_is_ignored
tests/test_transfer.py::test_transfer_writes_system_transcript_events
tests/test_transfer.py::test_duplicate_provider_events_do_not_duplicate_system_turns
  /home/user/voxdesk-call-ainul-islam/voxdesk-call/app/telephony/transfer_service.py:408: DeprecationWarning: datetime.datetime.utcnow() is deprecated and scheduled for removal in a future version. Use timezone-aware objects to represent datetimes in UTC: datetime.datetime.now(datetime.UTC).
    call.transfer_completed_at = datetime.utcnow()

tests/test_call_callbacks.py::test_duplicate_callbacks_do_not_regrade_a_lead
  /home/user/voxdesk-call-ainul-islam/voxdesk-call/tests/test_call_callbacks.py:312: DeprecationWarning: datetime.datetime.utcnow() is deprecated and scheduled for removal in a future version. Use timezone-aware objects to represent datetimes in UTC: datetime.datetime.now(datetime.UTC).
    started_at=datetime.utcnow(), lead_id=lead.id, lead_score=80,

tests/test_call_callbacks.py: 1 warning
tests/telephony/test_lead_lifecycle_callbacks.py: 12 warnings
  /home/user/voxdesk-call-ainul-islam/voxdesk-call/app/leads/models.py:25: DeprecationWarning: datetime.datetime.utcnow() is deprecated and scheduled for removal in a future version. Use timezone-aware objects to represent datetimes in UTC: datetime.datetime.now(datetime.UTC).
    return datetime.utcnow()

-- Docs: https://docs.pytest.org/en/stable/how-to/capture-warnings.html
- generated xml file: /home/user/voxdesk-call-ainul-islam/voxdesk-call/reports/part1/producers.xml -
178 passed, 841 warnings in 76.03s (0:01:16)
