........................................................................ [ 82%]
...............                                                          [100%]
=============================== warnings summary ===============================
tests/webhooks/test_call_event_bridge.py: 8 warnings
tests/webhooks/test_webhook_lifecycle_real.py: 2 warnings
tests/outbox/test_delivery.py: 1 warning
tests/outbox/test_isolation.py: 2 warnings
tests/telephony/test_lead_lifecycle_callbacks.py: 8 warnings
  /home/user/voxdesk-call-ainul-islam/voxdesk-call/app/db/models.py:2938: DeprecationWarning: datetime.datetime.utcnow() is deprecated and scheduled for removal in a future version. Use timezone-aware objects to represent datetimes in UTC: datetime.datetime.now(datetime.UTC).
    now = datetime.utcnow()

tests/webhooks/test_call_event_bridge.py: 34 warnings
tests/webhooks/test_webhook_lifecycle_real.py: 17 warnings
tests/outbox/test_delivery.py: 5 warnings
tests/outbox/test_isolation.py: 6 warnings
tests/telephony/test_lead_lifecycle_callbacks.py: 60 warnings
  /home/user/voxdesk-call-ainul-islam/voxdesk-call/.venv/lib/python3.12/site-packages/sqlalchemy/sql/schema.py:3596: DeprecationWarning: datetime.datetime.utcnow() is deprecated and scheduled for removal in a future version. Use timezone-aware objects to represent datetimes in UTC: datetime.datetime.now(datetime.UTC).
    return util.wrap_callable(lambda ctx: fn(), fn)  # type: ignore

tests/webhooks/test_call_event_bridge.py: 8 warnings
tests/webhooks/test_webhook_lifecycle_real.py: 2 warnings
tests/outbox/test_delivery.py: 1 warning
tests/outbox/test_isolation.py: 2 warnings
tests/telephony/test_lead_lifecycle_callbacks.py: 8 warnings
  /home/user/voxdesk-call-ainul-islam/voxdesk-call/app/db/models.py:2968: DeprecationWarning: datetime.datetime.utcnow() is deprecated and scheduled for removal in a future version. Use timezone-aware objects to represent datetimes in UTC: datetime.datetime.now(datetime.UTC).
    now = datetime.utcnow()

tests/webhooks/test_call_event_bridge.py: 7 warnings
tests/webhooks/test_webhook_lifecycle_real.py: 2 warnings
tests/telephony/test_lead_lifecycle_callbacks.py: 8 warnings
  /home/user/voxdesk-call-ainul-islam/voxdesk-call/tests/conftest.py:569: DeprecationWarning: datetime.datetime.utcnow() is deprecated and scheduled for removal in a future version. Use timezone-aware objects to represent datetimes in UTC: datetime.datetime.now(datetime.UTC).
    "started_at": datetime.utcnow(),

tests/webhooks/test_call_event_bridge.py: 4 warnings
tests/webhooks/test_webhook_lifecycle_real.py: 1 warning
tests/test_call_state.py: 13 warnings
tests/telephony/test_lead_lifecycle_callbacks.py: 8 warnings
  /home/user/voxdesk-call-ainul-islam/voxdesk-call/app/telephony/call_state.py:260: DeprecationWarning: datetime.datetime.utcnow() is deprecated and scheduled for removal in a future version. Use timezone-aware objects to represent datetimes in UTC: datetime.datetime.now(datetime.UTC).
    call.ended_at = ended_at or datetime.utcnow()

tests/webhooks/test_call_event_bridge.py::test_real_status_route_is_replay_safe
tests/webhooks/test_call_event_bridge.py::test_real_status_route_is_replay_safe
tests/webhooks/test_call_event_bridge.py::test_real_status_route_is_replay_safe
tests/webhooks/test_call_event_bridge.py::test_real_status_route_is_replay_safe
tests/webhooks/test_call_event_bridge.py::test_real_status_route_is_replay_safe
tests/webhooks/test_call_event_bridge.py::test_real_status_route_is_replay_safe
  /home/user/voxdesk-call-ainul-islam/voxdesk-call/.venv/lib/python3.12/site-packages/pydantic/_internal/_config.py:295: PydanticDeprecatedSince20: Support for class-based `config` is deprecated, use ConfigDict instead. Deprecated in Pydantic V2.0 to be removed in V3.0. See Pydantic V2 Migration Guide at https://errors.pydantic.dev/2.10/migration/
    warnings.warn(DEPRECATION_MESSAGE, DeprecationWarning)

tests/test_call_state.py: 27 warnings
  /home/user/voxdesk-call-ainul-islam/voxdesk-call/tests/test_call_state.py:27: DeprecationWarning: datetime.datetime.utcnow() is deprecated and scheduled for removal in a future version. Use timezone-aware objects to represent datetimes in UTC: datetime.datetime.now(datetime.UTC).
    started_at=datetime.utcnow(),

tests/test_call_state.py::test_ended_at_can_be_supplied_explicitly
  /home/user/voxdesk-call-ainul-islam/voxdesk-call/tests/test_call_state.py:132: DeprecationWarning: datetime.datetime.utcnow() is deprecated and scheduled for removal in a future version. Use timezone-aware objects to represent datetimes in UTC: datetime.datetime.now(datetime.UTC).
    when = datetime.utcnow() - timedelta(minutes=5)

tests/telephony/test_lead_lifecycle_callbacks.py: 12 warnings
  /home/user/voxdesk-call-ainul-islam/voxdesk-call/app/leads/models.py:25: DeprecationWarning: datetime.datetime.utcnow() is deprecated and scheduled for removal in a future version. Use timezone-aware objects to represent datetimes in UTC: datetime.datetime.now(datetime.UTC).
    return datetime.utcnow()

-- Docs: https://docs.pytest.org/en/stable/how-to/capture-warnings.html
- generated xml file: /home/user/voxdesk-call-ainul-islam/voxdesk-call/reports/part1/webhooks.xml -
87 passed, 253 warnings in 20.36s
