...................                                                      [100%]
=============================== warnings summary ===============================
tests/telephony/test_post_call_pipeline.py: 21 warnings
  /home/user/voxdesk-call-ainul-islam/voxdesk-call/app/db/models.py:2938: DeprecationWarning: datetime.datetime.utcnow() is deprecated and scheduled for removal in a future version. Use timezone-aware objects to represent datetimes in UTC: datetime.datetime.now(datetime.UTC).
    now = datetime.utcnow()

tests/telephony/test_post_call_pipeline.py: 67 warnings
  /home/user/voxdesk-call-ainul-islam/voxdesk-call/.venv/lib/python3.12/site-packages/sqlalchemy/sql/schema.py:3596: DeprecationWarning: datetime.datetime.utcnow() is deprecated and scheduled for removal in a future version. Use timezone-aware objects to represent datetimes in UTC: datetime.datetime.now(datetime.UTC).
    return util.wrap_callable(lambda ctx: fn(), fn)  # type: ignore

tests/telephony/test_post_call_pipeline.py: 21 warnings
  /home/user/voxdesk-call-ainul-islam/voxdesk-call/app/db/models.py:2968: DeprecationWarning: datetime.datetime.utcnow() is deprecated and scheduled for removal in a future version. Use timezone-aware objects to represent datetimes in UTC: datetime.datetime.now(datetime.UTC).
    now = datetime.utcnow()

tests/telephony/test_post_call_pipeline.py: 18 warnings
  /home/user/voxdesk-call-ainul-islam/voxdesk-call/tests/conftest.py:569: DeprecationWarning: datetime.datetime.utcnow() is deprecated and scheduled for removal in a future version. Use timezone-aware objects to represent datetimes in UTC: datetime.datetime.now(datetime.UTC).
    "started_at": datetime.utcnow(),

tests/telephony/test_post_call_pipeline.py::test_terminal_transition_enqueues_once_in_same_transaction
tests/telephony/test_post_call_pipeline.py::test_enqueue_failure_rolls_back_terminal_fact
tests/telephony/test_post_call_pipeline.py::test_real_worker_governed_http_persists_output_and_usage
tests/telephony/test_post_call_pipeline.py::test_real_status_callback_admits_job
  /home/user/voxdesk-call-ainul-islam/voxdesk-call/app/telephony/call_state.py:261: DeprecationWarning: datetime.datetime.utcnow() is deprecated and scheduled for removal in a future version. Use timezone-aware objects to represent datetimes in UTC: datetime.datetime.now(datetime.UTC).
    call.ended_at = ended_at or datetime.utcnow()

tests/telephony/test_post_call_pipeline.py::test_real_status_callback_admits_job
tests/telephony/test_post_call_pipeline.py::test_real_status_callback_admits_job
tests/telephony/test_post_call_pipeline.py::test_real_status_callback_admits_job
tests/telephony/test_post_call_pipeline.py::test_real_status_callback_admits_job
tests/telephony/test_post_call_pipeline.py::test_real_status_callback_admits_job
tests/telephony/test_post_call_pipeline.py::test_real_status_callback_admits_job
  /home/user/voxdesk-call-ainul-islam/voxdesk-call/.venv/lib/python3.12/site-packages/pydantic/_internal/_config.py:295: PydanticDeprecatedSince20: Support for class-based `config` is deprecated, use ConfigDict instead. Deprecated in Pydantic V2.0 to be removed in V3.0. See Pydantic V2 Migration Guide at https://errors.pydantic.dev/2.10/migration/
    warnings.warn(DEPRECATION_MESSAGE, DeprecationWarning)

-- Docs: https://docs.pytest.org/en/stable/how-to/capture-warnings.html
- generated xml file: /home/user/voxdesk-call-ainul-islam/voxdesk-call/reports/part1/runtime/pipeline.xml -
19 passed, 137 warnings in 19.05s
