........................................................................ [ 25%]
..........s............................................................. [ 51%]
.............................................................s.......... [ 77%]
..............................................................           [100%]
=============================== warnings summary ===============================
tests/telephony/test_post_call_pipeline.py: 16 warnings
tests/ai/test_ai_runtime_enforcement.py: 15 warnings
tests/ai/test_ai_unknown_usage.py: 1 warning
tests/ai/test_gateway.py: 6 warnings
tests/ai/test_governance.py: 4 warnings
tests/ai/test_post_call_llm.py: 14 warnings
tests/ai/test_runtime_enforcement.py: 12 warnings
tests/ai/test_security.py: 6 warnings
tests/webhooks/test_call_event_bridge.py: 34 warnings
tests/webhooks/test_webhook_isolation.py: 65 warnings
tests/webhooks/test_webhook_lifecycle_real.py: 3 warnings
tests/outbox/test_delivery.py: 1 warning
tests/outbox/test_isolation.py: 2 warnings
tests/test_call_callbacks.py: 16 warnings
  /home/user/voxdesk-call-ainul-islam/voxdesk-call/app/db/models.py:2938: DeprecationWarning: datetime.datetime.utcnow() is deprecated and scheduled for removal in a future version. Use timezone-aware objects to represent datetimes in UTC: datetime.datetime.now(datetime.UTC).
    now = datetime.utcnow()

tests/telephony/test_post_call_pipeline.py: 48 warnings
tests/ai/test_ai_runtime_enforcement.py: 51 warnings
tests/ai/test_ai_unknown_usage.py: 5 warnings
tests/ai/test_gateway.py: 23 warnings
tests/ai/test_governance.py: 32 warnings
tests/ai/test_post_call_llm.py: 61 warnings
tests/ai/test_runtime_enforcement.py: 49 warnings
tests/ai/test_security.py: 33 warnings
tests/webhooks/test_call_event_bridge.py: 104 warnings
tests/webhooks/test_webhook_isolation.py: 250 warnings
tests/webhooks/test_webhook_lifecycle_real.py: 45 warnings
tests/outbox/test_delivery.py: 5 warnings
tests/outbox/test_isolation.py: 6 warnings
tests/test_call_callbacks.py: 115 warnings
  /home/user/voxdesk-call-ainul-islam/voxdesk-call/.venv/lib/python3.12/site-packages/sqlalchemy/sql/schema.py:3596: DeprecationWarning: datetime.datetime.utcnow() is deprecated and scheduled for removal in a future version. Use timezone-aware objects to represent datetimes in UTC: datetime.datetime.now(datetime.UTC).
    return util.wrap_callable(lambda ctx: fn(), fn)  # type: ignore

tests/telephony/test_post_call_pipeline.py: 16 warnings
tests/ai/test_ai_runtime_enforcement.py: 15 warnings
tests/ai/test_ai_unknown_usage.py: 1 warning
tests/ai/test_gateway.py: 6 warnings
tests/ai/test_governance.py: 4 warnings
tests/ai/test_post_call_llm.py: 14 warnings
tests/ai/test_runtime_enforcement.py: 12 warnings
tests/ai/test_security.py: 6 warnings
tests/webhooks/test_call_event_bridge.py: 34 warnings
tests/webhooks/test_webhook_isolation.py: 65 warnings
tests/webhooks/test_webhook_lifecycle_real.py: 3 warnings
tests/outbox/test_delivery.py: 1 warning
tests/outbox/test_isolation.py: 2 warnings
tests/test_call_callbacks.py: 16 warnings
  /home/user/voxdesk-call-ainul-islam/voxdesk-call/app/db/models.py:2968: DeprecationWarning: datetime.datetime.utcnow() is deprecated and scheduled for removal in a future version. Use timezone-aware objects to represent datetimes in UTC: datetime.datetime.now(datetime.UTC).
    now = datetime.utcnow()

tests/telephony/test_post_call_pipeline.py: 13 warnings
tests/webhooks/test_call_event_bridge.py: 30 warnings
tests/webhooks/test_webhook_lifecycle_real.py: 2 warnings
  /home/user/voxdesk-call-ainul-islam/voxdesk-call/tests/conftest.py:569: DeprecationWarning: datetime.datetime.utcnow() is deprecated and scheduled for removal in a future version. Use timezone-aware objects to represent datetimes in UTC: datetime.datetime.now(datetime.UTC).
    "started_at": datetime.utcnow(),

tests/telephony/test_post_call_pipeline.py: 3 warnings
tests/webhooks/test_call_event_bridge.py: 6 warnings
tests/webhooks/test_webhook_lifecycle_real.py: 1 warning
tests/test_call_callbacks.py: 11 warnings
tests/test_call_state.py: 13 warnings
  /home/user/voxdesk-call-ainul-islam/voxdesk-call/app/telephony/call_state.py:261: DeprecationWarning: datetime.datetime.utcnow() is deprecated and scheduled for removal in a future version. Use timezone-aware objects to represent datetimes in UTC: datetime.datetime.now(datetime.UTC).
    call.ended_at = ended_at or datetime.utcnow()

tests/ai/test_ai_runtime_enforcement.py: 12 warnings
tests/ai/test_ai_unknown_usage.py: 1 warning
tests/ai/test_gateway.py: 4 warnings
tests/ai/test_governance.py: 4 warnings
tests/ai/test_post_call_llm.py: 13 warnings
tests/ai/test_runtime_enforcement.py: 7 warnings
tests/ai/test_security.py: 5 warnings
tests/webhooks/test_webhook_isolation.py: 27 warnings
tests/webhooks/test_webhook_lifecycle_real.py: 1 warning
  /home/user/voxdesk-call-ainul-islam/voxdesk-call/app/db/models.py:3023: DeprecationWarning: datetime.datetime.utcnow() is deprecated and scheduled for removal in a future version. Use timezone-aware objects to represent datetimes in UTC: datetime.datetime.now(datetime.UTC).
    now = datetime.utcnow()

tests/ai/test_ai_runtime_enforcement.py::test_governed_build_does_not_silently_switch_provider
  tests/ai/test_ai_runtime_enforcement.py:359: PytestWarning: The test <Function test_governed_build_does_not_silently_switch_provider> is marked with '@pytest.mark.asyncio' but it is not an async function. Please remove the asyncio mark. If the test is not marked explicitly, check for global marks applied via 'pytestmark'.
    def test_governed_build_does_not_silently_switch_provider(monkeypatch):

tests/ai/test_ai_runtime_enforcement.py::test_live_sources_do_not_select_a_model_outside_the_runtime
  tests/ai/test_ai_runtime_enforcement.py:366: PytestWarning: The test <Function test_live_sources_do_not_select_a_model_outside_the_runtime> is marked with '@pytest.mark.asyncio' but it is not an async function. Please remove the asyncio mark. If the test is not marked explicitly, check for global marks applied via 'pytestmark'.
    def test_live_sources_do_not_select_a_model_outside_the_runtime():

tests/ai/test_ai_runtime_enforcement.py::test_context_is_immutable_and_rejects_a_foreign_claim
  tests/ai/test_ai_runtime_enforcement.py:378: PytestWarning: The test <Function test_context_is_immutable_and_rejects_a_foreign_claim> is marked with '@pytest.mark.asyncio' but it is not an async function. Please remove the asyncio mark. If the test is not marked explicitly, check for global marks applied via 'pytestmark'.
    def test_context_is_immutable_and_rejects_a_foreign_claim():

tests/ai/test_ai_runtime_enforcement.py::test_customer_reply_distinguishes_governance_from_outage
  tests/ai/test_ai_runtime_enforcement.py:394: PytestWarning: The test <Function test_customer_reply_distinguishes_governance_from_outage> is marked with '@pytest.mark.asyncio' but it is not an async function. Please remove the asyncio mark. If the test is not marked explicitly, check for global marks applied via 'pytestmark'.
    def test_customer_reply_distinguishes_governance_from_outage():

tests/ai/test_ai_runtime_enforcement.py::test_inbound_message_does_not_call_a_policy_denial_an_outage
tests/ai/test_ai_runtime_enforcement.py::test_inbound_message_does_not_call_a_policy_denial_an_outage
tests/ai/test_ai_runtime_enforcement.py::test_inbound_message_does_not_call_a_policy_denial_an_outage
tests/ai/test_ai_runtime_enforcement.py::test_inbound_message_does_not_call_a_policy_denial_an_outage
tests/ai/test_ai_runtime_enforcement.py::test_inbound_message_does_not_call_a_policy_denial_an_outage
tests/ai/test_ai_runtime_enforcement.py::test_inbound_message_does_not_call_a_policy_denial_an_outage
  /home/user/voxdesk-call-ainul-islam/voxdesk-call/.venv/lib/python3.12/site-packages/pydantic/_internal/_config.py:295: PydanticDeprecatedSince20: Support for class-based `config` is deprecated, use ConfigDict instead. Deprecated in Pydantic V2.0 to be removed in V3.0. See Pydantic V2 Migration Guide at https://errors.pydantic.dev/2.10/migration/
    warnings.warn(DEPRECATION_MESSAGE, DeprecationWarning)

tests/ai/test_ai_runtime_enforcement.py::test_inbound_message_does_not_call_a_policy_denial_an_outage
  /home/user/voxdesk-call-ainul-islam/voxdesk-call/app/channels/messaging.py:94: DeprecationWarning: datetime.datetime.utcnow() is deprecated and scheduled for removal in a future version. Use timezone-aware objects to represent datetimes in UTC: datetime.datetime.now(datetime.UTC).
    cutoff = datetime.utcnow() - timedelta(minutes=THREAD_IDLE_MINUTES)

tests/ai/test_ai_runtime_enforcement.py::test_inbound_message_does_not_call_a_policy_denial_an_outage
  /home/user/voxdesk-call-ainul-islam/voxdesk-call/app/channels/messaging.py:127: DeprecationWarning: datetime.datetime.utcnow() is deprecated and scheduled for removal in a future version. Use timezone-aware objects to represent datetimes in UTC: datetime.datetime.now(datetime.UTC).
    call_sid=f"{channel}-{customer}-{int(datetime.utcnow().timestamp())}",

tests/ai/test_gateway.py::test_telemetry_drops_secrets
  tests/ai/test_gateway.py:158: PytestWarning: The test <Function test_telemetry_drops_secrets> is marked with '@pytest.mark.asyncio' but it is not an async function. Please remove the asyncio mark. If the test is not marked explicitly, check for global marks applied via 'pytestmark'.
    def test_telemetry_drops_secrets():

tests/ai/test_governance.py::test_published_version_is_immutable_and_rollback_restores_it
tests/ai/test_governance.py::test_published_version_is_immutable_and_rollback_restores_it
tests/ai/test_governance.py::test_rollout_is_deterministic
tests/ai/test_governance.py::test_rollout_is_deterministic
  /home/user/voxdesk-call-ainul-islam/voxdesk-call/app/ai/prompts/versioning.py:93: DeprecationWarning: datetime.datetime.utcnow() is deprecated and scheduled for removal in a future version. Use timezone-aware objects to represent datetimes in UTC: datetime.datetime.now(datetime.UTC).
    version.published_at = datetime.utcnow()

tests/ai/test_governance.py::test_published_version_is_immutable_and_rollback_restores_it
tests/ai/test_governance.py::test_published_version_is_immutable_and_rollback_restores_it
tests/ai/test_governance.py::test_rollout_is_deterministic
tests/ai/test_governance.py::test_rollout_is_deterministic
  /home/user/voxdesk-call-ainul-islam/voxdesk-call/app/ai/prompts/versioning.py:95: DeprecationWarning: datetime.datetime.utcnow() is deprecated and scheduled for removal in a future version. Use timezone-aware objects to represent datetimes in UTC: datetime.datetime.now(datetime.UTC).
    prompt.updated_at = datetime.utcnow()

tests/ai/test_governance.py::test_published_version_is_immutable_and_rollback_restores_it
  /home/user/voxdesk-call-ainul-islam/voxdesk-call/app/api/prompt_routes.py:261: DeprecationWarning: datetime.datetime.utcnow() is deprecated and scheduled for removal in a future version. Use timezone-aware objects to represent datetimes in UTC: datetime.datetime.now(datetime.UTC).
    prompt.updated_at = datetime.utcnow()

tests/ai/test_governance.py::test_eval_does_not_invent_a_score_or_leak_another_tenant
tests/ai/test_governance.py::test_eval_does_not_invent_a_score_or_leak_another_tenant
  /home/user/voxdesk-call-ainul-islam/voxdesk-call/app/api/eval_routes.py:148: DeprecationWarning: datetime.datetime.utcnow() is deprecated and scheduled for removal in a future version. Use timezone-aware objects to represent datetimes in UTC: datetime.datetime.now(datetime.UTC).
    finished_at=datetime.utcnow(),

tests/ai/test_governance.py::test_safety_and_pii_are_explicit
  tests/ai/test_governance.py:173: PytestWarning: The test <Function test_safety_and_pii_are_explicit> is marked with '@pytest.mark.asyncio' but it is not an async function. Please remove the asyncio mark. If the test is not marked explicitly, check for global marks applied via 'pytestmark'.
    def test_safety_and_pii_are_explicit():

tests/ai/test_runtime_enforcement.py::test_voice_media_chain_wires_the_guardrail_processors
  tests/ai/test_runtime_enforcement.py:384: PytestWarning: The test <Function test_voice_media_chain_wires_the_guardrail_processors> is marked with '@pytest.mark.asyncio' but it is not an async function. Please remove the asyncio mark. If the test is not marked explicitly, check for global marks applied via 'pytestmark'.
    def test_voice_media_chain_wires_the_guardrail_processors():

tests/ai/test_runtime_enforcement.py::test_gateway_never_imports_the_runtime
  tests/ai/test_runtime_enforcement.py:403: PytestWarning: The test <Function test_gateway_never_imports_the_runtime> is marked with '@pytest.mark.asyncio' but it is not an async function. Please remove the asyncio mark. If the test is not marked explicitly, check for global marks applied via 'pytestmark'.
    def test_gateway_never_imports_the_runtime():

tests/ai/test_runtime_enforcement.py::test_policy_denial_is_never_a_fallback_trigger
  tests/ai/test_runtime_enforcement.py:412: PytestWarning: The test <Function test_policy_denial_is_never_a_fallback_trigger> is marked with '@pytest.mark.asyncio' but it is not an async function. Please remove the asyncio mark. If the test is not marked explicitly, check for global marks applied via 'pytestmark'.
    def test_policy_denial_is_never_a_fallback_trigger():

tests/ai/test_security.py::test_model_cannot_self_authorize_and_disallowed_tool_is_rejected
  tests/ai/test_security.py:66: PytestWarning: The test <Function test_model_cannot_self_authorize_and_disallowed_tool_is_rejected> is marked with '@pytest.mark.asyncio' but it is not an async function. Please remove the asyncio mark. If the test is not marked explicitly, check for global marks applied via 'pytestmark'.
    def test_model_cannot_self_authorize_and_disallowed_tool_is_rejected():

tests/webhooks/test_call_event_bridge.py::test_transfer_ringing_then_provider_failure_then_late_answer
tests/test_call_callbacks.py::test_case_a_transfer_then_stream_close_then_completed_then_dial_callback
tests/test_call_callbacks.py::test_call_ending_while_still_dialing_marks_the_transfer_failed
tests/test_call_callbacks.py::test_busy_human_leg_leaves_the_customer_call_alive
tests/test_call_callbacks.py::test_provider_reported_failure_is_not_overridden_by_a_later_connect
  /home/user/voxdesk-call-ainul-islam/voxdesk-call/app/telephony/transfer_service.py:472: DeprecationWarning: datetime.datetime.utcnow() is deprecated and scheduled for removal in a future version. Use timezone-aware objects to represent datetimes in UTC: datetime.datetime.now(datetime.UTC).
    call.transfer_failed_at = datetime.utcnow()

tests/test_call_callbacks.py: 16 warnings
  /home/user/voxdesk-call-ainul-islam/voxdesk-call/tests/test_transfer.py:43: DeprecationWarning: datetime.datetime.utcnow() is deprecated and scheduled for removal in a future version. Use timezone-aware objects to represent datetimes in UTC: datetime.datetime.now(datetime.UTC).
    started_at=datetime.utcnow(),

tests/test_call_callbacks.py::test_case_a_transfer_then_stream_close_then_completed_then_dial_callback
tests/test_call_callbacks.py::test_case_b_dial_callback_then_completed
tests/test_call_callbacks.py::test_case_d_duplicate_completed_callbacks
tests/test_call_callbacks.py::test_call_ending_while_still_dialing_marks_the_transfer_failed
tests/test_call_callbacks.py::test_busy_human_leg_leaves_the_customer_call_alive
tests/test_call_callbacks.py::test_provider_reported_failure_is_not_overridden_by_a_later_connect
  /home/user/voxdesk-call-ainul-islam/voxdesk-call/app/telephony/transfer_service.py:288: DeprecationWarning: datetime.datetime.utcnow() is deprecated and scheduled for removal in a future version. Use timezone-aware objects to represent datetimes in UTC: datetime.datetime.now(datetime.UTC).
    now = datetime.utcnow()

tests/test_call_callbacks.py::test_case_a_transfer_then_stream_close_then_completed_then_dial_callback
tests/test_call_callbacks.py::test_case_b_dial_callback_then_completed
tests/test_call_callbacks.py::test_case_d_duplicate_completed_callbacks
tests/test_call_callbacks.py::test_call_ending_while_still_dialing_marks_the_transfer_failed
tests/test_call_callbacks.py::test_busy_human_leg_leaves_the_customer_call_alive
tests/test_call_callbacks.py::test_provider_reported_failure_is_not_overridden_by_a_later_connect
  /home/user/voxdesk-call-ainul-islam/voxdesk-call/app/telephony/transfer_service.py:340: DeprecationWarning: datetime.datetime.utcnow() is deprecated and scheduled for removal in a future version. Use timezone-aware objects to represent datetimes in UTC: datetime.datetime.now(datetime.UTC).
    call.transfer_started_at = datetime.utcnow()

tests/test_call_callbacks.py::test_case_a_transfer_then_stream_close_then_completed_then_dial_callback
tests/test_call_callbacks.py::test_case_b_dial_callback_then_completed
tests/test_call_callbacks.py::test_case_d_duplicate_completed_callbacks
  /home/user/voxdesk-call-ainul-islam/voxdesk-call/app/telephony/transfer_service.py:409: DeprecationWarning: datetime.datetime.utcnow() is deprecated and scheduled for removal in a future version. Use timezone-aware objects to represent datetimes in UTC: datetime.datetime.now(datetime.UTC).
    call.transfer_completed_at = datetime.utcnow()

tests/test_call_callbacks.py::test_duplicate_callbacks_do_not_regrade_a_lead
  /home/user/voxdesk-call-ainul-islam/voxdesk-call/tests/test_call_callbacks.py:312: DeprecationWarning: datetime.datetime.utcnow() is deprecated and scheduled for removal in a future version. Use timezone-aware objects to represent datetimes in UTC: datetime.datetime.now(datetime.UTC).
    started_at=datetime.utcnow(), lead_id=lead.id, lead_score=80,

tests/test_call_callbacks.py::test_duplicate_callbacks_do_not_regrade_a_lead
  /home/user/voxdesk-call-ainul-islam/voxdesk-call/app/leads/models.py:25: DeprecationWarning: datetime.datetime.utcnow() is deprecated and scheduled for removal in a future version. Use timezone-aware objects to represent datetimes in UTC: datetime.datetime.now(datetime.UTC).
    return datetime.utcnow()

tests/test_call_state.py: 27 warnings
  /home/user/voxdesk-call-ainul-islam/voxdesk-call/tests/test_call_state.py:27: DeprecationWarning: datetime.datetime.utcnow() is deprecated and scheduled for removal in a future version. Use timezone-aware objects to represent datetimes in UTC: datetime.datetime.now(datetime.UTC).
    started_at=datetime.utcnow(),

tests/test_call_state.py::test_ended_at_can_be_supplied_explicitly
  /home/user/voxdesk-call-ainul-islam/voxdesk-call/tests/test_call_state.py:132: DeprecationWarning: datetime.datetime.utcnow() is deprecated and scheduled for removal in a future version. Use timezone-aware objects to represent datetimes in UTC: datetime.datetime.now(datetime.UTC).
    when = datetime.utcnow() - timedelta(minutes=5)

-- Docs: https://docs.pytest.org/en/stable/how-to/capture-warnings.html
- generated xml file: /home/user/voxdesk-call-ainul-islam/voxdesk-call/reports/part1/runtime/regression.xml -
276 passed, 2 skipped, 1465 warnings in 105.71s (0:01:45)
