...................................F...                                  [100%]
=================================== FAILURES ===================================
_____ test_qms_http_unavailable_is_not_empty_success_and_is_tenant_scoped ______

db = <sqlalchemy.ext.asyncio.session.AsyncSession object at 0x7f9cb24e7d70>
client = <httpx.AsyncClient object at 0x7f9cae973770>
tenant_a = <app.db.models.Tenant object at 0x7f9cae9701a0>
tenant_b = <app.db.models.Tenant object at 0x7f9cae970080>
owner_a = <app.db.models.User object at 0x7f9cae970170>
owner_b = <app.db.models.User object at 0x7f9cae9af770>

    async def test_qms_http_unavailable_is_not_empty_success_and_is_tenant_scoped(db, client, tenant_a, tenant_b, owner_a, owner_b):
>       from app.tenancy.models import Environment
E       ModuleNotFoundError: No module named 'app.tenancy.models'

tests/truth/test_part0_authorized_repairs.py:84: ModuleNotFoundError
=============================== warnings summary ===============================
.venv/lib/python3.12/site-packages/pydantic/_internal/_config.py:295
.venv/lib/python3.12/site-packages/pydantic/_internal/_config.py:295
.venv/lib/python3.12/site-packages/pydantic/_internal/_config.py:295
.venv/lib/python3.12/site-packages/pydantic/_internal/_config.py:295
.venv/lib/python3.12/site-packages/pydantic/_internal/_config.py:295
.venv/lib/python3.12/site-packages/pydantic/_internal/_config.py:295
  /home/user/voxdesk-call-ainul-islam/voxdesk-call/.venv/lib/python3.12/site-packages/pydantic/_internal/_config.py:295: PydanticDeprecatedSince20: Support for class-based `config` is deprecated, use ConfigDict instead. Deprecated in Pydantic V2.0 to be removed in V3.0. See Pydantic V2 Migration Guide at https://errors.pydantic.dev/2.10/migration/
    warnings.warn(DEPRECATION_MESSAGE, DeprecationWarning)

tests/truth/test_part0_authorized_repairs.py::test_legacy_test_creation_is_scoped_and_cannot_issue_fake_session
tests/truth/test_part0_authorized_repairs.py::test_legacy_test_creation_is_scoped_and_cannot_issue_fake_session
tests/truth/test_part0_authorized_repairs.py::test_dnc_and_audit_commit_together
tests/truth/test_part0_authorized_repairs.py::test_failed_audit_cannot_commit_dnc
tests/truth/test_part0_authorized_repairs.py::test_qms_http_unavailable_is_not_empty_success_and_is_tenant_scoped
tests/truth/test_part0_authorized_repairs.py::test_qms_http_unavailable_is_not_empty_success_and_is_tenant_scoped
  /home/user/voxdesk-call-ainul-islam/voxdesk-call/app/db/models.py:2938: DeprecationWarning: datetime.datetime.utcnow() is deprecated and scheduled for removal in a future version. Use timezone-aware objects to represent datetimes in UTC: datetime.datetime.now(datetime.UTC).
    now = datetime.utcnow()

tests/truth/test_part0_authorized_repairs.py: 24 warnings
  /home/user/voxdesk-call-ainul-islam/voxdesk-call/.venv/lib/python3.12/site-packages/sqlalchemy/sql/schema.py:3596: DeprecationWarning: datetime.datetime.utcnow() is deprecated and scheduled for removal in a future version. Use timezone-aware objects to represent datetimes in UTC: datetime.datetime.now(datetime.UTC).
    return util.wrap_callable(lambda ctx: fn(), fn)  # type: ignore

tests/truth/test_part0_authorized_repairs.py::test_legacy_test_creation_is_scoped_and_cannot_issue_fake_session
tests/truth/test_part0_authorized_repairs.py::test_legacy_test_creation_is_scoped_and_cannot_issue_fake_session
tests/truth/test_part0_authorized_repairs.py::test_dnc_and_audit_commit_together
tests/truth/test_part0_authorized_repairs.py::test_failed_audit_cannot_commit_dnc
tests/truth/test_part0_authorized_repairs.py::test_qms_http_unavailable_is_not_empty_success_and_is_tenant_scoped
tests/truth/test_part0_authorized_repairs.py::test_qms_http_unavailable_is_not_empty_success_and_is_tenant_scoped
  /home/user/voxdesk-call-ainul-islam/voxdesk-call/app/db/models.py:2968: DeprecationWarning: datetime.datetime.utcnow() is deprecated and scheduled for removal in a future version. Use timezone-aware objects to represent datetimes in UTC: datetime.datetime.now(datetime.UTC).
    now = datetime.utcnow()

tests/truth/test_part0_authorized_repairs.py::test_legacy_test_creation_is_scoped_and_cannot_issue_fake_session
tests/truth/test_part0_authorized_repairs.py::test_legacy_test_creation_is_scoped_and_cannot_issue_fake_session
tests/truth/test_part0_authorized_repairs.py::test_dnc_and_audit_commit_together
tests/truth/test_part0_authorized_repairs.py::test_failed_audit_cannot_commit_dnc
tests/truth/test_part0_authorized_repairs.py::test_qms_http_unavailable_is_not_empty_success_and_is_tenant_scoped
tests/truth/test_part0_authorized_repairs.py::test_qms_http_unavailable_is_not_empty_success_and_is_tenant_scoped
  /home/user/voxdesk-call-ainul-islam/voxdesk-call/app/db/models.py:3023: DeprecationWarning: datetime.datetime.utcnow() is deprecated and scheduled for removal in a future version. Use timezone-aware objects to represent datetimes in UTC: datetime.datetime.now(datetime.UTC).
    now = datetime.utcnow()

-- Docs: https://docs.pytest.org/en/stable/how-to/capture-warnings.html
- generated xml file: /home/user/voxdesk-call-ainul-islam/voxdesk-call/reports/part0-clean/truth.xml -
=========================== short test summary info ============================
FAILED tests/truth/test_part0_authorized_repairs.py::test_qms_http_unavailable_is_not_empty_success_and_is_tenant_scoped
1 failed, 38 passed, 48 warnings in 18.85s
