................F...........................                             [100%]
=================================== FAILURES ===================================
____________ test_failed_database_query_never_returns_zero_success _____________

client = <httpx.AsyncClient object at 0x7f0870077a70>
db = <sqlalchemy.ext.asyncio.session.AsyncSession object at 0x7f08700cfbc0>
tenant_a = <app.db.models.Tenant object at 0x7f08700cc6e0>
owner_a = <app.db.models.User object at 0x7f08700ccb00>
monkeypatch = <_pytest.monkeypatch.MonkeyPatch object at 0x7f08700a69c0>

    async def test_failed_database_query_never_returns_zero_success(client, db, tenant_a, owner_a, monkeypatch):
        from sqlalchemy.exc import OperationalError
        _, _, headers = await seed(client, db, tenant_a, owner_a)
        async def unavailable(*args, **kwargs):
            raise OperationalError("query", {}, RuntimeError("database unavailable"))
        monkeypatch.setattr(analysis, "observed_stats", unavailable)
>       with pytest.raises(OperationalError):
E       Failed: DID NOT RAISE <class 'sqlalchemy.exc.OperationalError'>

tests/telephony/test_analysis_extended.py:180: Failed
----------------------------- Captured stdout call -----------------------------
[2m2026-10-07T09:55:26.317434Z[0m [[32m[1minfo     [0m] [1midentity.email_rendered       [0m [36mbody_chars[0m=[35m261[0m [36mrequest_id[0m=[35m43e6ea207c8541bda6ee2efdd9fde70c[0m [36msubject[0m=[35mNew sign-in to your account - Tenant A[0m [36mto[0m=[35mo***@example.com[0m [36mtransport[0m=[35mlog[0m
[2m2026-10-07T09:55:26.359118Z[0m [[33m[1mwarning  [0m] [1mdependency_unavailable        [0m [36mactor_type[0m=[35mhuman[0m [36mactor_user_id[0m=[35md3619be7-03e3-4377-9431-3f9b7bff29da[0m [36merror[0m=[35mOperationalError[0m [36mrequest_id[0m=[35mdd24c4c5e0ce4f2098224f84a2afdce1[0m [36mtenant_id[0m=[35m53fb677c-06b8-4cb5-94ea-c5d6f0596462[0m
=============================== warnings summary ===============================
tests/telephony/test_analysis_extended.py::test_read_paths_query_only_authenticated_scope[health]
tests/telephony/test_analysis_extended.py::test_read_paths_query_only_authenticated_scope[health]
tests/telephony/test_analysis_extended.py::test_read_paths_query_only_authenticated_scope[health]
tests/telephony/test_analysis_extended.py::test_read_paths_query_only_authenticated_scope[health]
tests/telephony/test_analysis_extended.py::test_read_paths_query_only_authenticated_scope[health]
tests/telephony/test_analysis_extended.py::test_read_paths_query_only_authenticated_scope[health]
  /home/user/voxdesk-call-ainul-islam/voxdesk-call/.venv/lib/python3.12/site-packages/pydantic/_internal/_config.py:295: PydanticDeprecatedSince20: Support for class-based `config` is deprecated, use ConfigDict instead. Deprecated in Pydantic V2.0 to be removed in V3.0. See Pydantic V2 Migration Guide at https://errors.pydantic.dev/2.10/migration/
    warnings.warn(DEPRECATION_MESSAGE, DeprecationWarning)

tests/telephony/test_analysis_extended.py: 29 warnings
tests/telephony/test_analysis_backfill.py: 17 warnings
tests/telephony/test_custom_analysis.py: 4 warnings
  /home/user/voxdesk-call-ainul-islam/voxdesk-call/app/db/models.py:2938: DeprecationWarning: datetime.datetime.utcnow() is deprecated and scheduled for removal in a future version. Use timezone-aware objects to represent datetimes in UTC: datetime.datetime.now(datetime.UTC).
    now = datetime.utcnow()

tests/telephony/test_analysis_extended.py: 173 warnings
tests/telephony/test_analysis_backfill.py: 124 warnings
tests/telephony/test_custom_analysis.py: 25 warnings
  /home/user/voxdesk-call-ainul-islam/voxdesk-call/.venv/lib/python3.12/site-packages/sqlalchemy/sql/schema.py:3596: DeprecationWarning: datetime.datetime.utcnow() is deprecated and scheduled for removal in a future version. Use timezone-aware objects to represent datetimes in UTC: datetime.datetime.now(datetime.UTC).
    return util.wrap_callable(lambda ctx: fn(), fn)  # type: ignore

tests/telephony/test_analysis_extended.py: 29 warnings
tests/telephony/test_analysis_backfill.py: 17 warnings
tests/telephony/test_custom_analysis.py: 4 warnings
  /home/user/voxdesk-call-ainul-islam/voxdesk-call/app/db/models.py:2968: DeprecationWarning: datetime.datetime.utcnow() is deprecated and scheduled for removal in a future version. Use timezone-aware objects to represent datetimes in UTC: datetime.datetime.now(datetime.UTC).
    now = datetime.utcnow()

tests/telephony/test_analysis_extended.py: 30 warnings
tests/telephony/test_analysis_backfill.py: 16 warnings
tests/telephony/test_custom_analysis.py: 2 warnings
  /home/user/voxdesk-call-ainul-islam/voxdesk-call/app/db/models.py:3023: DeprecationWarning: datetime.datetime.utcnow() is deprecated and scheduled for removal in a future version. Use timezone-aware objects to represent datetimes in UTC: datetime.datetime.now(datetime.UTC).
    now = datetime.utcnow()

tests/telephony/test_analysis_extended.py: 12 warnings
tests/telephony/test_analysis_backfill.py: 16 warnings
tests/telephony/test_custom_analysis.py: 2 warnings
  /home/user/voxdesk-call-ainul-islam/voxdesk-call/tests/conftest.py:569: DeprecationWarning: datetime.datetime.utcnow() is deprecated and scheduled for removal in a future version. Use timezone-aware objects to represent datetimes in UTC: datetime.datetime.now(datetime.UTC).
    "started_at": datetime.utcnow(),

-- Docs: https://docs.pytest.org/en/stable/how-to/capture-warnings.html
=========================== short test summary info ============================
FAILED tests/telephony/test_analysis_extended.py::test_failed_database_query_never_returns_zero_success
1 failed, 43 passed, 506 warnings in 34.02s
